  state:not started, normal, ok
  Welcome to Space Defender Version 2.
->toggle_debug_mode
  state:not started, debug, ok
  In debug mode.
->play(5,10,40,60,70,90,101)
  state:weapon setup, debug, ok
  1:Standard (A single projectile is fired in front)
    Health:10, Energy:10, Regen:0/1, Armour:0, Vision:1, Move:1, Move Cost:1,
    Projectile Damage:70, Projectile Cost:5 (energy)
  2:Spread (Three projectiles are fired in front, two going diagonal)
    Health:0, Energy:60, Regen:0/2, Armour:1, Vision:0, Move:0, Move Cost:2,
    Projectile Damage:50, Projectile Cost:10 (energy)
  3:Snipe (Fast and high damage projectile, but only travels via teleporting)
    Health:0, Energy:100, Regen:0/5, Armour:0, Vision:10, Move:3, Move Cost:0,
    Projectile Damage:1000, Projectile Cost:20 (energy)
  4:Rocket (Two projectiles appear behind to the sides of the Starfighter and accelerates)
    Health:10, Energy:0, Regen:10/0, Armour:2, Vision:2, Move:0, Move Cost:3,
    Projectile Damage:100, Projectile Cost:10 (health)
  5:Splitter (A single mine projectile is placed in front of the Starfighter)
    Health:0, Energy:100, Regen:0/10, Armour:0, Vision:0, Move:0, Move Cost:5,
    Projectile Damage:150, Projectile Cost:70 (energy)
  Weapon Selected:Standard
->setup_select(2)
  state:weapon setup, debug, ok
  1:Standard (A single projectile is fired in front)
    Health:10, Energy:10, Regen:0/1, Armour:0, Vision:1, Move:1, Move Cost:1,
    Projectile Damage:70, Projectile Cost:5 (energy)
  2:Spread (Three projectiles are fired in front, two going diagonal)
    Health:0, Energy:60, Regen:0/2, Armour:1, Vision:0, Move:0, Move Cost:2,
    Projectile Damage:50, Projectile Cost:10 (energy)
  3:Snipe (Fast and high damage projectile, but only travels via teleporting)
    Health:0, Energy:100, Regen:0/5, Armour:0, Vision:10, Move:3, Move Cost:0,
    Projectile Damage:1000, Projectile Cost:20 (energy)
  4:Rocket (Two projectiles appear behind to the sides of the Starfighter and accelerates)
    Health:10, Energy:0, Regen:10/0, Armour:2, Vision:2, Move:0, Move Cost:3,
    Projectile Damage:100, Projectile Cost:10 (health)
  5:Splitter (A single mine projectile is placed in front of the Starfighter)
    Health:0, Energy:100, Regen:0/10, Armour:0, Vision:0, Move:0, Move Cost:5,
    Projectile Damage:150, Projectile Cost:70 (energy)
  Weapon Selected:Spread
->setup_next(5)
  state:in game(0.0), debug, ok
  Starfighter:
    [0,S]->health:60/60, energy:120/120, Regen:1/4, Armour:2, Vision:12, Move:9, Move Cost:4, location:[C,1]
      Projectile Pattern:Spread, Projectile Damage:50, Projectile Cost:10 (energy)
      Power:Recall (50 energy): Teleport back to spawn.
      score:0
  Enemy:
  Projectile:
  Friendly Projectile Action:
  Enemy Projectile Action:
  Starfighter Action:
  Enemy Action:
  Natural Enemy Spawn:
      1  2  3  4  5  6  7  8  9 10
    A _  _  _  _  _  _  _  _  _  _
    B _  _  _  _  _  _  _  _  _  _
    C S  _  _  _  _  _  _  _  _  _
    D _  _  _  _  _  _  _  _  _  _
    E _  _  _  _  _  _  _  _  _  _
->pass
  state:in game(1.0), debug, ok
  Starfighter:
    [0,S]->health:60/60, energy:120/120, Regen:1/4, Armour:2, Vision:12, Move:9, Move Cost:4, location:[C,1]
      Projectile Pattern:Spread, Projectile Damage:50, Projectile Cost:10 (energy)
      Power:Recall (50 energy): Teleport back to spawn.
      score:0
  Enemy:
    [1,G]->health:100/100, Regen:1, Armour:1, Vision:5, seen_by_Starfighter:T, can_see_Starfighter:F, location:[A,10]
  Projectile:
  Friendly Projectile Action:
  Enemy Projectile Action:
  Starfighter Action:
    The Starfighter(id:0) passes at location [C,1], doubling regen rate.
  Enemy Action:
  Natural Enemy Spawn:
    A Grunt(id:1) spawns at location [A,10].
      1  2  3  4  5  6  7  8  9 10
    A _  _  _  _  _  _  _  _  _  G
    B _  _  _  _  _  _  _  _  _  _
    C S  _  _  _  _  _  _  _  _  _
    D _  _  _  _  _  _  _  _  _  _
    E _  _  _  _  _  _  _  _  _  _
->fire
  state:in game(2.0), debug, ok
  Starfighter:
    [0,S]->health:60/60, energy:110/120, Regen:1/4, Armour:2, Vision:12, Move:9, Move Cost:4, location:[C,1]
      Projectile Pattern:Spread, Projectile Damage:50, Projectile Cost:10 (energy)
      Power:Recall (50 energy): Teleport back to spawn.
      score:0
  Enemy:
    [1,G]->health:100/100, Regen:1, Armour:1, Vision:5, seen_by_Starfighter:T, can_see_Starfighter:F, location:[A,8]
    [2,G]->health:100/100, Regen:1, Armour:1, Vision:5, seen_by_Starfighter:T, can_see_Starfighter:F, location:[A,10]
  Projectile:
    [-1,*]->damage:50, move:1, location:[B,2]
    [-2,*]->damage:50, move:1, location:[C,2]
    [-3,*]->damage:50, move:1, location:[D,2]
    [-4,<]->damage:15, move:4, location:[A,7]
  Friendly Projectile Action:
  Enemy Projectile Action:
  Starfighter Action:
    The Starfighter(id:0) fires at location [C,1].
      A friendly projectile(id:-1) spawns at location [B,2].
      A friendly projectile(id:-2) spawns at location [C,2].
      A friendly projectile(id:-3) spawns at location [D,2].
  Enemy Action:
    A Grunt(id:1) moves: [A,10] -> [A,8]
      A enemy projectile(id:-4) spawns at location [A,7].
  Natural Enemy Spawn:
    A Grunt(id:2) spawns at location [A,10].
      1  2  3  4  5  6  7  8  9 10
    A _  _  _  _  _  _  <  G  _  G
    B _  *  _  _  _  _  _  _  _  _
    C S  *  _  _  _  _  _  _  _  _
    D _  *  _  _  _  _  _  _  _  _
    E _  _  _  _  _  _  _  _  _  _
->move(E,2)
  state:in game(3.0), debug, ok
  Starfighter:
    [0,S]->health:60/60, energy:102/120, Regen:1/4, Armour:2, Vision:12, Move:9, Move Cost:4, location:[E,2]
      Projectile Pattern:Spread, Projectile Damage:50, Projectile Cost:10 (energy)
      Power:Recall (50 energy): Teleport back to spawn.
      score:0
  Enemy:
    [1,G]->health:100/100, Regen:1, Armour:1, Vision:5, seen_by_Starfighter:T, can_see_Starfighter:F, location:[A,6]
    [2,G]->health:100/100, Regen:1, Armour:1, Vision:5, seen_by_Starfighter:T, can_see_Starfighter:F, location:[A,8]
    [3,F]->health:150/150, Regen:5, Armour:10, Vision:10, seen_by_Starfighter:T, can_see_Starfighter:T, location:[C,10]
  Projectile:
    [-1,*]->damage:35, move:1, location:[A,3]
    [-2,*]->damage:50, move:1, location:[C,3]
    [-3,*]->damage:50, move:1, location:[E,3]
    [-5,<]->damage:15, move:4, location:[A,5]
    [-6,<]->damage:15, move:4, location:[A,7]
  Friendly Projectile Action:
    A friendly projectile(id:-1) moves: [B,2] -> [A,3]
    A friendly projectile(id:-2) moves: [C,2] -> [C,3]
    A friendly projectile(id:-3) moves: [D,2] -> [E,3]
  Enemy Projectile Action:
    A enemy projectile(id:-4) moves: [A,7] -> [A,3]
      The projectile collides with friendly projectile(id:-1) at location [A,3], negating damage.
  Starfighter Action:
    The Starfighter(id:0) moves: [C,1] -> [E,2]
  Enemy Action:
    A Grunt(id:1) moves: [A,8] -> [A,6]
      A enemy projectile(id:-5) spawns at location [A,5].
    A Grunt(id:2) moves: [A,10] -> [A,8]
      A enemy projectile(id:-6) spawns at location [A,7].
  Natural Enemy Spawn:
    A Fighter(id:3) spawns at location [C,10].
      1  2  3  4  5  6  7  8  9 10
    A _  _  *  _  <  G  <  G  _  _
    B _  _  _  _  _  _  _  _  _  _
    C _  _  *  _  _  _  _  _  _  F
    D _  _  _  _  _  _  _  _  _  _
    E _  S  *  _  _  _  _  _  _  _
->fire
  state:in game(4.0), debug, ok
  Starfighter:
    [0,S]->health:60/60, energy:96/120, Regen:1/4, Armour:2, Vision:12, Move:9, Move Cost:4, location:[E,2]
      Projectile Pattern:Spread, Projectile Damage:50, Projectile Cost:10 (energy)
      Power:Recall (50 energy): Teleport back to spawn.
      score:0
  Enemy:
    [1,G]->health:100/100, Regen:1, Armour:1, Vision:5, seen_by_Starfighter:T, can_see_Starfighter:F, location:[A,4]
    [2,G]->health:100/100, Regen:1, Armour:1, Vision:5, seen_by_Starfighter:T, can_see_Starfighter:F, location:[A,6]
    [3,F]->health:150/150, Regen:5, Armour:11, Vision:10, seen_by_Starfighter:T, can_see_Starfighter:T, location:[C,9]
    [4,G]->health:100/100, Regen:1, Armour:1, Vision:5, seen_by_Starfighter:T, can_see_Starfighter:F, location:[B,10]
  Projectile:
    [-2,*]->damage:50, move:1, location:[C,4]
    [-5,<]->damage:15, move:4, location:[A,1]
    [-7,*]->damage:50, move:1, location:[D,3]
    [-8,*]->damage:50, move:1, location:[E,3]
    [-10,<]->damage:15, move:4, location:[A,3]
    [-11,<]->damage:15, move:4, location:[A,5]
    [-12,<]->damage:50, move:6, location:[C,8]
  Friendly Projectile Action:
    A friendly projectile(id:-1) moves: [A,3] -> out of board
    A friendly projectile(id:-2) moves: [C,3] -> [C,4]
    A friendly projectile(id:-3) moves: [E,3] -> out of board
  Enemy Projectile Action:
    A enemy projectile(id:-5) moves: [A,5] -> [A,1]
    A enemy projectile(id:-6) moves: [A,7] -> [A,6]
      The projectile collides with Grunt(id:1) at location [A,6], healing 15 damage.
  Starfighter Action:
    The Starfighter(id:0) fires at location [E,2].
      A friendly projectile(id:-7) spawns at location [D,3].
      A friendly projectile(id:-8) spawns at location [E,3].
      A friendly projectile(id:-9) spawns at location out of board.
  Enemy Action:
    A Fighter(id:3) gains 1 armour.
    A Grunt(id:1) moves: [A,6] -> [A,4]
      A enemy projectile(id:-10) spawns at location [A,3].
    A Grunt(id:2) moves: [A,8] -> [A,6]
      A enemy projectile(id:-11) spawns at location [A,5].
    A Fighter(id:3) moves: [C,10] -> [C,9]
      A enemy projectile(id:-12) spawns at location [C,8].
  Natural Enemy Spawn:
    A Grunt(id:4) spawns at location [B,10].
      1  2  3  4  5  6  7  8  9 10
    A <  _  <  G  <  G  _  _  _  _
    B _  _  _  _  _  _  _  _  _  G
    C _  _  _  *  _  _  _  <  F  _
    D _  _  *  _  _  _  _  _  _  _
    E _  S  *  _  _  _  _  _  _  _
->fire
  state:in game(5.0), debug, ok
  Starfighter:
    [0,S]->health:60/60, energy:90/120, Regen:1/4, Armour:2, Vision:12, Move:9, Move Cost:4, location:[E,2]
      Projectile Pattern:Spread, Projectile Damage:50, Projectile Cost:10 (energy)
      Power:Recall (50 energy): Teleport back to spawn.
      score:0
  Enemy:
    [1,G]->health:100/100, Regen:1, Armour:1, Vision:5, seen_by_Starfighter:T, can_see_Starfighter:T, location:[A,2]
    [2,G]->health:100/100, Regen:1, Armour:1, Vision:5, seen_by_Starfighter:T, can_see_Starfighter:F, location:[A,4]
    [3,F]->health:150/150, Regen:5, Armour:12, Vision:10, seen_by_Starfighter:T, can_see_Starfighter:T, location:[C,8]
    [4,G]->health:100/100, Regen:1, Armour:1, Vision:5, seen_by_Starfighter:T, can_see_Starfighter:F, location:[B,8]
    [5,I]->health:50/50, Regen:0, Armour:0, Vision:5, seen_by_Starfighter:T, can_see_Starfighter:F, location:[D,10]
  Projectile:
    [-7,*]->damage:50, move:1, location:[C,4]
    [-8,*]->damage:50, move:1, location:[E,4]
    [-13,*]->damage:50, move:1, location:[D,3]
    [-14,*]->damage:50, move:1, location:[E,3]
    [-16,<]->damage:15, move:4, location:[A,1]
    [-17,<]->damage:15, move:4, location:[A,3]
    [-18,<]->damage:50, move:6, location:[C,7]
    [-19,<]->damage:15, move:4, location:[B,7]
  Friendly Projectile Action:
    A friendly projectile(id:-2) moves: [C,4] -> [C,5]
    A friendly projectile(id:-7) moves: [D,3] -> [C,4]
    A friendly projectile(id:-8) moves: [E,3] -> [E,4]
  Enemy Projectile Action:
    A enemy projectile(id:-5) moves: [A,1] -> out of board
    A enemy projectile(id:-10) moves: [A,3] -> out of board
    A enemy projectile(id:-11) moves: [A,5] -> [A,4]
      The projectile collides with Grunt(id:1) at location [A,4], healing 15 damage.
    A enemy projectile(id:-12) moves: [C,8] -> [C,5]
      The projectile collides with friendly projectile(id:-2) at location [C,5], negating damage.
  Starfighter Action:
    The Starfighter(id:0) fires at location [E,2].
      A friendly projectile(id:-13) spawns at location [D,3].
      A friendly projectile(id:-14) spawns at location [E,3].
      A friendly projectile(id:-15) spawns at location out of board.
  Enemy Action:
    A Fighter(id:3) gains 1 armour.
    A Grunt(id:1) moves: [A,4] -> [A,2]
      A enemy projectile(id:-16) spawns at location [A,1].
    A Grunt(id:2) moves: [A,6] -> [A,4]
      A enemy projectile(id:-17) spawns at location [A,3].
    A Fighter(id:3) moves: [C,9] -> [C,8]
      A enemy projectile(id:-18) spawns at location [C,7].
    A Grunt(id:4) moves: [B,10] -> [B,8]
      A enemy projectile(id:-19) spawns at location [B,7].
  Natural Enemy Spawn:
    A Interceptor(id:5) spawns at location [D,10].
      1  2  3  4  5  6  7  8  9 10
    A <  G  <  G  _  _  _  _  _  _
    B _  _  _  _  _  _  <  G  _  _
    C _  _  _  *  _  _  <  F  _  _
    D _  _  *  _  _  _  _  _  _  I
    E _  S  *  *  _  _  _  _  _  _
->special
  state:in game(6.0), debug, ok
  Starfighter:
    [0,S]->health:60/60, energy:44/120, Regen:1/4, Armour:2, Vision:12, Move:9, Move Cost:4, location:[C,1]
      Projectile Pattern:Spread, Projectile Damage:50, Projectile Cost:10 (energy)
      Power:Recall (50 energy): Teleport back to spawn.
      score:0
  Enemy:
    [3,F]->health:150/150, Regen:5, Armour:12, Vision:10, seen_by_Starfighter:T, can_see_Starfighter:T, location:[C,7]
    [4,G]->health:120/120, Regen:1, Armour:1, Vision:5, seen_by_Starfighter:T, can_see_Starfighter:F, location:[B,6]
    [5,I]->health:50/50, Regen:0, Armour:0, Vision:5, seen_by_Starfighter:T, can_see_Starfighter:F, location:[D,7]
    [6,F]->health:150/150, Regen:5, Armour:10, Vision:10, seen_by_Starfighter:T, can_see_Starfighter:F, location:[A,10]
  Projectile:
    [-7,*]->damage:20, move:1, location:[B,5]
    [-8,*]->damage:50, move:1, location:[E,5]
    [-14,*]->damage:50, move:1, location:[E,4]
    [-20,<]->damage:50, move:6, location:[C,6]
  Friendly Projectile Action:
    A friendly projectile(id:-7) moves: [C,4] -> [B,5]
    A friendly projectile(id:-8) moves: [E,4] -> [E,5]
    A friendly projectile(id:-13) moves: [D,3] -> [C,4]
    A friendly projectile(id:-14) moves: [E,3] -> [E,4]
  Enemy Projectile Action:
    A enemy projectile(id:-16) moves: [A,1] -> out of board
    A enemy projectile(id:-17) moves: [A,3] -> [A,2]
      The projectile collides with Grunt(id:1) at location [A,2], healing 15 damage.
    A enemy projectile(id:-18) moves: [C,7] -> [C,4]
      The projectile collides with friendly projectile(id:-13) at location [C,4], negating damage.
    A enemy projectile(id:-19) moves: [B,7] -> [B,5]
      The projectile collides with friendly projectile(id:-7) at location [B,5], negating damage.
  Starfighter Action:
    The Starfighter(id:0) uses special, teleporting to: [C,1]
  Enemy Action:
    A Grunt(id:1) gains 20 total health.
    A Grunt(id:2) gains 20 total health.
    A Grunt(id:4) gains 20 total health.
    A Grunt(id:1) moves: [A,2] -> out of board
    A Grunt(id:2) moves: [A,4] -> out of board
    A Fighter(id:3) moves: [C,8] -> [C,7]
      A enemy projectile(id:-20) spawns at location [C,6].
    A Grunt(id:4) moves: [B,8] -> [B,6]
      A enemy projectile(id:-21) spawns at location [B,5].
      The projectile collides with friendly projectile(id:-7) at location [B,5], negating damage.
    A Interceptor(id:5) moves: [D,10] -> [D,7]
  Natural Enemy Spawn:
    A Fighter(id:6) spawns at location [A,10].
      1  2  3  4  5  6  7  8  9 10
    A _  _  _  _  _  _  _  _  _  F
    B _  _  _  _  *  G  _  _  _  _
    C S  _  _  _  _  <  F  _  _  _
    D _  _  _  _  _  _  I  _  _  _
    E _  _  _  *  *  _  _  _  _  _
->pass
  state:not started, debug, ok
  Starfighter:
    [0,S]->health:0/60, energy:52/120, Regen:1/4, Armour:2, Vision:12, Move:9, Move Cost:4, location:[C,1]
      Projectile Pattern:Spread, Projectile Damage:50, Projectile Cost:10 (energy)
      Power:Recall (50 energy): Teleport back to spawn.
      score:3
  Enemy:
    [4,G]->health:120/120, Regen:1, Armour:1, Vision:5, seen_by_Starfighter:T, can_see_Starfighter:F, location:[B,6]
    [5,I]->health:50/50, Regen:0, Armour:0, Vision:5, seen_by_Starfighter:T, can_see_Starfighter:F, location:[D,7]
    [6,F]->health:150/150, Regen:5, Armour:10, Vision:10, seen_by_Starfighter:T, can_see_Starfighter:F, location:[A,10]
  Projectile:
    [-7,*]->damage:20, move:1, location:[A,6]
    [-8,*]->damage:50, move:1, location:[E,6]
    [-14,*]->damage:50, move:1, location:[E,5]
  Friendly Projectile Action:
    A friendly projectile(id:-7) moves: [B,5] -> [A,6]
    A friendly projectile(id:-8) moves: [E,5] -> [E,6]
    A friendly projectile(id:-14) moves: [E,4] -> [E,5]
  Enemy Projectile Action:
    A enemy projectile(id:-20) moves: [C,6] -> [C,1]
      The projectile collides with Starfighter(id:0) at location [C,1], dealing 48 damage.
  Starfighter Action:
    The Starfighter(id:0) passes at location [C,1], doubling regen rate.
  Enemy Action:
    A Fighter(id:3) moves: [C,7] -> [C,1]
      The Fighter collides with Starfighter(id:0) at location [C,1], trading 150 damage.
      The Fighter at location [C,1] has been destroyed.
      The Starfighter at location [C,1] has been destroyed.
  Natural Enemy Spawn:
      1  2  3  4  5  6  7  8  9 10
    A _  _  _  _  _  *  _  _  _  F
    B _  _  _  _  _  G  _  _  _  _
    C X  _  _  _  _  _  _  _  _  _
    D _  _  _  _  _  _  I  _  _  _
    E _  _  _  _  *  *  _  _  _  _
  The game is over. Better luck next time!
->pass
  state:not started, debug, error
  Command can only be used in game.
->abort
  state:not started, debug, error
  Command can only be used in setup mode or in game.
->play(5,10,40,60,70,90,101)
  state:weapon setup, debug, ok
  1:Standard (A single projectile is fired in front)
    Health:10, Energy:10, Regen:0/1, Armour:0, Vision:1, Move:1, Move Cost:1,
    Projectile Damage:70, Projectile Cost:5 (energy)
  2:Spread (Three projectiles are fired in front, two going diagonal)
    Health:0, Energy:60, Regen:0/2, Armour:1, Vision:0, Move:0, Move Cost:2,
    Projectile Damage:50, Projectile Cost:10 (energy)
  3:Snipe (Fast and high damage projectile, but only travels via teleporting)
    Health:0, Energy:100, Regen:0/5, Armour:0, Vision:10, Move:3, Move Cost:0,
    Projectile Damage:1000, Projectile Cost:20 (energy)
  4:Rocket (Two projectiles appear behind to the sides of the Starfighter and accelerates)
    Health:10, Energy:0, Regen:10/0, Armour:2, Vision:2, Move:0, Move Cost:3,
    Projectile Damage:100, Projectile Cost:10 (health)
  5:Splitter (A single mine projectile is placed in front of the Starfighter)
    Health:0, Energy:100, Regen:0/10, Armour:0, Vision:0, Move:0, Move Cost:5,
    Projectile Damage:150, Projectile Cost:70 (energy)
  Weapon Selected:Spread
->setup_select(2)
  state:weapon setup, debug, ok
  1:Standard (A single projectile is fired in front)
    Health:10, Energy:10, Regen:0/1, Armour:0, Vision:1, Move:1, Move Cost:1,
    Projectile Damage:70, Projectile Cost:5 (energy)
  2:Spread (Three projectiles are fired in front, two going diagonal)
    Health:0, Energy:60, Regen:0/2, Armour:1, Vision:0, Move:0, Move Cost:2,
    Projectile Damage:50, Projectile Cost:10 (energy)
  3:Snipe (Fast and high damage projectile, but only travels via teleporting)
    Health:0, Energy:100, Regen:0/5, Armour:0, Vision:10, Move:3, Move Cost:0,
    Projectile Damage:1000, Projectile Cost:20 (energy)
  4:Rocket (Two projectiles appear behind to the sides of the Starfighter and accelerates)
    Health:10, Energy:0, Regen:10/0, Armour:2, Vision:2, Move:0, Move Cost:3,
    Projectile Damage:100, Projectile Cost:10 (health)
  5:Splitter (A single mine projectile is placed in front of the Starfighter)
    Health:0, Energy:100, Regen:0/10, Armour:0, Vision:0, Move:0, Move Cost:5,
    Projectile Damage:150, Projectile Cost:70 (energy)
  Weapon Selected:Spread
->setup_next(5)
  state:in game(0.0), debug, ok
  Starfighter:
    [0,S]->health:60/60, energy:120/120, Regen:1/4, Armour:2, Vision:12, Move:9, Move Cost:4, location:[C,1]
      Projectile Pattern:Spread, Projectile Damage:50, Projectile Cost:10 (energy)
      Power:Recall (50 energy): Teleport back to spawn.
      score:0
  Enemy:
  Projectile:
  Friendly Projectile Action:
  Enemy Projectile Action:
  Starfighter Action:
  Enemy Action:
  Natural Enemy Spawn:
      1  2  3  4  5  6  7  8  9 10
    A _  _  _  _  _  _  _  _  _  _
    B _  _  _  _  _  _  _  _  _  _
    C S  _  _  _  _  _  _  _  _  _
    D _  _  _  _  _  _  _  _  _  _
    E _  _  _  _  _  _  _  _  _  _
->pass
  state:in game(1.0), debug, ok
  Starfighter:
    [0,S]->health:60/60, energy:120/120, Regen:1/4, Armour:2, Vision:12, Move:9, Move Cost:4, location:[C,1]
      Projectile Pattern:Spread, Projectile Damage:50, Projectile Cost:10 (energy)
      Power:Recall (50 energy): Teleport back to spawn.
      score:0
  Enemy:
    [1,F]->health:150/150, Regen:5, Armour:10, Vision:10, seen_by_Starfighter:T, can_see_Starfighter:T, location:[B,10]
  Projectile:
  Friendly Projectile Action:
  Enemy Projectile Action:
  Starfighter Action:
    The Starfighter(id:0) passes at location [C,1], doubling regen rate.
  Enemy Action:
  Natural Enemy Spawn:
    A Fighter(id:1) spawns at location [B,10].
      1  2  3  4  5  6  7  8  9 10
    A _  _  _  _  _  _  _  _  _  _
    B _  _  _  _  _  _  _  _  _  F
    C S  _  _  _  _  _  _  _  _  _
    D _  _  _  _  _  _  _  _  _  _
    E _  _  _  _  _  _  _  _  _  _
->fire
  state:in game(2.0), debug, ok
  Starfighter:
    [0,S]->health:60/60, energy:110/120, Regen:1/4, Armour:2, Vision:12, Move:9, Move Cost:4, location:[C,1]
      Projectile Pattern:Spread, Projectile Damage:50, Projectile Cost:10 (energy)
      Power:Recall (50 energy): Teleport back to spawn.
      score:0
  Enemy:
    [1,F]->health:150/150, Regen:5, Armour:11, Vision:10, seen_by_Starfighter:T, can_see_Starfighter:T, location:[B,9]
    [2,G]->health:100/100, Regen:1, Armour:1, Vision:5, seen_by_Starfighter:T, can_see_Starfighter:F, location:[E,10]
  Projectile:
    [-1,*]->damage:50, move:1, location:[B,2]
    [-2,*]->damage:50, move:1, location:[C,2]
    [-3,*]->damage:50, move:1, location:[D,2]
    [-4,<]->damage:50, move:6, location:[B,8]
  Friendly Projectile Action:
  Enemy Projectile Action:
  Starfighter Action:
    The Starfighter(id:0) fires at location [C,1].
      A friendly projectile(id:-1) spawns at location [B,2].
      A friendly projectile(id:-2) spawns at location [C,2].
      A friendly projectile(id:-3) spawns at location [D,2].
  Enemy Action:
    A Fighter(id:1) gains 1 armour.
    A Fighter(id:1) moves: [B,10] -> [B,9]
      A enemy projectile(id:-4) spawns at location [B,8].
  Natural Enemy Spawn:
    A Grunt(id:2) spawns at location [E,10].
      1  2  3  4  5  6  7  8  9 10
    A _  _  _  _  _  _  _  _  _  _
    B _  *  _  _  _  _  _  <  F  _
    C S  *  _  _  _  _  _  _  _  _
    D _  *  _  _  _  _  _  _  _  _
    E _  _  _  _  _  _  _  _  _  G
->move(E,2)
  state:in game(3.0), debug, ok
  Starfighter:
    [0,S]->health:60/60, energy:102/120, Regen:1/4, Armour:2, Vision:12, Move:9, Move Cost:4, location:[E,2]
      Projectile Pattern:Spread, Projectile Damage:50, Projectile Cost:10 (energy)
      Power:Recall (50 energy): Teleport back to spawn.
      score:0
  Enemy:
    [1,F]->health:150/150, Regen:5, Armour:11, Vision:10, seen_by_Starfighter:T, can_see_Starfighter:T, location:[B,8]
    [2,G]->health:100/100, Regen:1, Armour:1, Vision:5, seen_by_Starfighter:T, can_see_Starfighter:F, location:[E,8]
    [3,G]->health:100/100, Regen:1, Armour:1, Vision:5, seen_by_Starfighter:T, can_see_Starfighter:F, location:[C,10]
  Projectile:
    [-1,*]->damage:50, move:1, location:[A,3]
    [-2,*]->damage:50, move:1, location:[C,3]
    [-3,*]->damage:50, move:1, location:[E,3]
    [-4,<]->damage:50, move:6, location:[B,2]
    [-5,<]->damage:50, move:6, location:[B,7]
    [-6,<]->damage:15, move:4, location:[E,7]
  Friendly Projectile Action:
    A friendly projectile(id:-1) moves: [B,2] -> [A,3]
    A friendly projectile(id:-2) moves: [C,2] -> [C,3]
    A friendly projectile(id:-3) moves: [D,2] -> [E,3]
  Enemy Projectile Action:
    A enemy projectile(id:-4) moves: [B,8] -> [B,2]
  Starfighter Action:
    The Starfighter(id:0) moves: [C,1] -> [E,2]
  Enemy Action:
    A Fighter(id:1) moves: [B,9] -> [B,8]
      A enemy projectile(id:-5) spawns at location [B,7].
    A Grunt(id:2) moves: [E,10] -> [E,8]
      A enemy projectile(id:-6) spawns at location [E,7].
  Natural Enemy Spawn:
    A Grunt(id:3) spawns at location [C,10].
      1  2  3  4  5  6  7  8  9 10
    A _  _  *  _  _  _  _  _  _  _
    B _  <  _  _  _  _  <  F  _  _
    C _  _  *  _  _  _  _  _  _  G
    D _  _  _  _  _  _  _  _  _  _
    E _  S  *  _  _  _  <  G  _  _
->fire
  state:in game(4.0), debug, ok
  Starfighter:
    [0,S]->health:60/60, energy:96/120, Regen:1/4, Armour:2, Vision:12, Move:9, Move Cost:4, location:[E,2]
      Projectile Pattern:Spread, Projectile Damage:50, Projectile Cost:10 (energy)
      Power:Recall (50 energy): Teleport back to spawn.
      score:0
  Enemy:
    [1,F]->health:150/150, Regen:5, Armour:12, Vision:10, seen_by_Starfighter:T, can_see_Starfighter:T, location:[B,7]
    [2,G]->health:100/100, Regen:1, Armour:1, Vision:5, seen_by_Starfighter:T, can_see_Starfighter:T, location:[E,6]
    [3,G]->health:100/100, Regen:1, Armour:1, Vision:5, seen_by_Starfighter:T, can_see_Starfighter:F, location:[C,8]
    [4,I]->health:50/50, Regen:0, Armour:0, Vision:5, seen_by_Starfighter:T, can_see_Starfighter:F, location:[A,10]
  Projectile:
    [-2,*]->damage:50, move:1, location:[C,4]
    [-5,<]->damage:50, move:6, location:[B,1]
    [-7,*]->damage:50, move:1, location:[D,3]
    [-8,*]->damage:35, move:1, location:[E,3]
    [-10,<]->damage:50, move:6, location:[B,6]
    [-11,<]->damage:15, move:4, location:[E,5]
    [-12,<]->damage:15, move:4, location:[C,7]
  Friendly Projectile Action:
    A friendly projectile(id:-1) moves: [A,3] -> out of board
    A friendly projectile(id:-2) moves: [C,3] -> [C,4]
    A friendly projectile(id:-3) moves: [E,3] -> out of board
  Enemy Projectile Action:
    A enemy projectile(id:-4) moves: [B,2] -> out of board
    A enemy projectile(id:-5) moves: [B,7] -> [B,1]
    A enemy projectile(id:-6) moves: [E,7] -> [E,3]
  Starfighter Action:
    The Starfighter(id:0) fires at location [E,2].
      A friendly projectile(id:-7) spawns at location [D,3].
      A friendly projectile(id:-8) spawns at location [E,3].
      The projectile collides with enemy projectile(id:-6) at location [E,3], negating damage.
      A friendly projectile(id:-9) spawns at location out of board.
  Enemy Action:
    A Fighter(id:1) gains 1 armour.
    A Fighter(id:1) moves: [B,8] -> [B,7]
      A enemy projectile(id:-10) spawns at location [B,6].
    A Grunt(id:2) moves: [E,8] -> [E,6]
      A enemy projectile(id:-11) spawns at location [E,5].
    A Grunt(id:3) moves: [C,10] -> [C,8]
      A enemy projectile(id:-12) spawns at location [C,7].
  Natural Enemy Spawn:
    A Interceptor(id:4) spawns at location [A,10].
      1  2  3  4  5  6  7  8  9 10
    A _  _  _  _  _  _  _  _  _  I
    B <  _  _  _  _  <  F  _  _  _
    C _  _  _  *  _  _  <  G  _  _
    D _  _  *  _  _  _  _  _  _  _
    E _  S  *  _  <  G  _  _  _  _
->fire
  state:in game(5.0), debug, ok
  Starfighter:
    [0,S]->health:28/60, energy:90/120, Regen:1/4, Armour:2, Vision:12, Move:9, Move Cost:4, location:[E,2]
      Projectile Pattern:Spread, Projectile Damage:50, Projectile Cost:10 (energy)
      Power:Recall (50 energy): Teleport back to spawn.
      score:2
  Enemy:
    [1,F]->health:150/150, Regen:5, Armour:13, Vision:10, seen_by_Starfighter:T, can_see_Starfighter:T, location:[B,6]
    [3,G]->health:100/100, Regen:1, Armour:1, Vision:5, seen_by_Starfighter:T, can_see_Starfighter:F, location:[C,6]
    [4,I]->health:50/50, Regen:0, Armour:0, Vision:5, seen_by_Starfighter:T, can_see_Starfighter:F, location:[E,10]
    [5,F]->health:150/150, Regen:5, Armour:10, Vision:10, seen_by_Starfighter:T, can_see_Starfighter:F, location:[A,10]
  Projectile:
    [-2,*]->damage:20, move:1, location:[C,5]
    [-7,*]->damage:50, move:1, location:[C,4]
    [-13,*]->damage:50, move:1, location:[D,3]
    [-16,<]->damage:50, move:6, location:[B,5]
  Friendly Projectile Action:
    A friendly projectile(id:-2) moves: [C,4] -> [C,5]
    A friendly projectile(id:-7) moves: [D,3] -> [C,4]
    A friendly projectile(id:-8) moves: [E,3] -> [E,4]
  Enemy Projectile Action:
    A enemy projectile(id:-5) moves: [B,1] -> out of board
    A enemy projectile(id:-10) moves: [B,6] -> out of board
    A enemy projectile(id:-11) moves: [E,5] -> [E,4]
      The projectile collides with friendly projectile(id:-8) at location [E,4], negating damage.
    A enemy projectile(id:-12) moves: [C,7] -> [C,5]
      The projectile collides with friendly projectile(id:-2) at location [C,5], negating damage.
  Starfighter Action:
    The Starfighter(id:0) fires at location [E,2].
      A friendly projectile(id:-13) spawns at location [D,3].
      A friendly projectile(id:-14) spawns at location [E,3].
      A friendly projectile(id:-15) spawns at location out of board.
  Enemy Action:
    A Fighter(id:1) gains 1 armour.
    A Interceptor(id:4) moves: [A,10] -> [E,10]
    A Fighter(id:1) moves: [B,7] -> [B,6]
      A enemy projectile(id:-16) spawns at location [B,5].
    A Grunt(id:2) moves: [E,6] -> [E,2]
      The Grunt collides with friendly projectile(id:-8) at location [E,4], taking 19 damage.
      The Grunt collides with friendly projectile(id:-14) at location [E,3], taking 49 damage.
      The Grunt collides with Starfighter(id:0) at location [E,2], trading 32 damage.
      The Grunt at location [E,2] has been destroyed.
    A Grunt(id:3) moves: [C,8] -> [C,6]
      A enemy projectile(id:-17) spawns at location [C,5].
      The projectile collides with friendly projectile(id:-2) at location [C,5], negating damage.
  Natural Enemy Spawn:
    A Fighter(id:5) spawns at location [A,10].
      1  2  3  4  5  6  7  8  9 10
    A _  _  _  _  _  _  _  _  _  F
    B _  _  _  _  <  F  _  _  _  _
    C _  _  _  *  *  G  _  _  _  _
    D _  _  *  _  _  _  _  _  _  _
    E _  S  _  _  _  _  _  _  _  I
->special
  state:in game(6.0), debug, ok
  Starfighter:
    [0,S]->health:16/60, energy:44/120, Regen:1/4, Armour:2, Vision:12, Move:9, Move Cost:4, location:[C,1]
      Projectile Pattern:Spread, Projectile Damage:50, Projectile Cost:10 (energy)
      Power:Recall (50 energy): Teleport back to spawn.
      score:2
  Enemy:
    [1,F]->health:150/150, Regen:5, Armour:13, Vision:10, seen_by_Starfighter:T, can_see_Starfighter:T, location:[B,5]
    [3,G]->health:53/120, Regen:1, Armour:1, Vision:5, seen_by_Starfighter:T, can_see_Starfighter:T, location:[C,2]
    [4,I]->health:50/50, Regen:0, Armour:0, Vision:5, seen_by_Starfighter:T, can_see_Starfighter:F, location:[E,7]
    [5,F]->health:150/150, Regen:5, Armour:10, Vision:10, seen_by_Starfighter:T, can_see_Starfighter:T, location:[A,7]
    [6,C]->health:200/200, Regen:10, Armour:15, Vision:15, seen_by_Starfighter:T, can_see_Starfighter:T, location:[A,10]
  Projectile:
    [-18,<]->damage:50, move:6, location:[B,4]
    [-20,<]->damage:20, move:3, location:[A,6]
  Friendly Projectile Action:
    A friendly projectile(id:-2) moves: [C,5] -> [C,6]
      The projectile collides with Grunt(id:3) at location [C,6], dealing 19 damage.
    A friendly projectile(id:-7) moves: [C,4] -> [B,5]
      The projectile collides with enemy projectile(id:-16) at location [B,5], negating damage.
    A friendly projectile(id:-13) moves: [D,3] -> [C,4]
  Enemy Projectile Action:
  Starfighter Action:
    The Starfighter(id:0) uses special, teleporting to: [C,1]
  Enemy Action:
    A Grunt(id:3) gains 20 total health.
    A Fighter(id:1) moves: [B,6] -> [B,5]
      A enemy projectile(id:-18) spawns at location [B,4].
    A Grunt(id:3) moves: [C,6] -> [C,2]
      The Grunt collides with friendly projectile(id:-13) at location [C,4], taking 49 damage.
      A enemy projectile(id:-19) spawns at location [C,1].
      The projectile collides with Starfighter(id:0) at location [C,1], dealing 13 damage.
    A Interceptor(id:4) moves: [E,10] -> [E,7]
    A Fighter(id:5) moves: [A,10] -> [A,7]
      A enemy projectile(id:-20) spawns at location [A,6].
  Natural Enemy Spawn:
    A Carrier(id:6) spawns at location [A,10].
      1  2  3  4  5  6  7  8  9 10
    A _  _  _  _  _  <  F  _  _  C
    B _  _  _  <  F  _  _  _  _  _
    C S  G  _  _  _  _  _  _  _  _
    D _  _  _  _  _  _  _  _  _  _
    E _  _  _  _  _  _  I  _  _  _
->pass
  state:not started, debug, ok
  Starfighter:
    [0,S]->health:0/60, energy:52/120, Regen:1/4, Armour:2, Vision:12, Move:9, Move Cost:4, location:[C,1]
      Projectile Pattern:Spread, Projectile Damage:50, Projectile Cost:10 (energy)
      Power:Recall (50 energy): Teleport back to spawn.
      score:4
  Enemy:
    [4,I]->health:50/50, Regen:0, Armour:0, Vision:5, seen_by_Starfighter:T, can_see_Starfighter:F, location:[E,7]
    [5,F]->health:150/150, Regen:5, Armour:10, Vision:10, seen_by_Starfighter:T, can_see_Starfighter:T, location:[A,1]
    [6,C]->health:200/200, Regen:10, Armour:15, Vision:15, seen_by_Starfighter:T, can_see_Starfighter:T, location:[A,8]
    [8,I]->health:50/50, Regen:0, Armour:0, Vision:5, seen_by_Starfighter:T, can_see_Starfighter:F, location:[B,8]
  Projectile:
  Friendly Projectile Action:
  Enemy Projectile Action:
    A enemy projectile(id:-18) moves: [B,4] -> out of board
    A enemy projectile(id:-20) moves: [A,6] -> [A,3]
  Starfighter Action:
    The Starfighter(id:0) passes at location [C,1], doubling regen rate.
  Enemy Action:
    A Fighter(id:1) moves: [B,5] -> out of board
    A Grunt(id:3) gains 10 total health.
    A Fighter(id:5) moves: [A,7] -> [A,1]
      The Fighter collides with enemy projectile(id:-20) at location [A,3], healing 20 damage.
      A enemy projectile(id:-21) spawns at location out of board.
    A Carrier(id:6) moves: [A,10] -> [A,8]
      A Interceptor(id:7) spawns at location out of board.
      A Interceptor(id:8) spawns at location [B,8].
    A Grunt(id:3) moves: [C,2] -> [C,1]
      The Grunt collides with Starfighter(id:0) at location [C,1], trading 64 damage.
      The Grunt at location [C,1] has been destroyed.
      The Starfighter at location [C,1] has been destroyed.
  Natural Enemy Spawn:
      1  2  3  4  5  6  7  8  9 10
    A F  _  _  _  _  _  _  C  _  _
    B _  _  _  _  _  _  _  I  _  _
    C X  _  _  _  _  _  _  _  _  _
    D _  _  _  _  _  _  _  _  _  _
    E _  _  _  _  _  _  I  _  _  _
  The game is over. Better luck next time!
->pass
  state:not started, debug, error
  Command can only be used in game.
