  state:not started, normal, ok
  Welcome to Space Defender Version 2.
->play(5,30,1,1,1,1,1)
  state:weapon setup, normal, ok
  1:Standard (A single projectile is fired in front)
    Health:10, Energy:10, Regen:0/1, Armour:0, Vision:1, Move:1, Move Cost:1,
    Projectile Damage:70, Projectile Cost:5 (energy)
  2:Spread (Three projectiles are fired in front, two going diagonal)
    Health:0, Energy:60, Regen:0/2, Armour:1, Vision:0, Move:0, Move Cost:2,
    Projectile Damage:50, Projectile Cost:10 (energy)
  3:Snipe (Fast and high damage projectile, but only travels via teleporting)
    Health:0, Energy:100, Regen:0/5, Armour:0, Vision:10, Move:3, Move Cost:0,
    Projectile Damage:1000, Projectile Cost:20 (energy)
  4:Rocket (Two projectiles appear behind to the sides of the Starfighter and accelerates)
    Health:10, Energy:0, Regen:10/0, Armour:2, Vision:2, Move:0, Move Cost:3,
    Projectile Damage:100, Projectile Cost:10 (health)
  5:Splitter (A single mine projectile is placed in front of the Starfighter)
    Health:0, Energy:100, Regen:0/10, Armour:0, Vision:0, Move:0, Move Cost:5,
    Projectile Damage:150, Projectile Cost:70 (energy)
  Weapon Selected:Standard
->toggle_debug_mode
  state:weapon setup, debug, ok
  In debug mode.
->setup_select(3)
  state:weapon setup, debug, ok
  1:Standard (A single projectile is fired in front)
    Health:10, Energy:10, Regen:0/1, Armour:0, Vision:1, Move:1, Move Cost:1,
    Projectile Damage:70, Projectile Cost:5 (energy)
  2:Spread (Three projectiles are fired in front, two going diagonal)
    Health:0, Energy:60, Regen:0/2, Armour:1, Vision:0, Move:0, Move Cost:2,
    Projectile Damage:50, Projectile Cost:10 (energy)
  3:Snipe (Fast and high damage projectile, but only travels via teleporting)
    Health:0, Energy:100, Regen:0/5, Armour:0, Vision:10, Move:3, Move Cost:0,
    Projectile Damage:1000, Projectile Cost:20 (energy)
  4:Rocket (Two projectiles appear behind to the sides of the Starfighter and accelerates)
    Health:10, Energy:0, Regen:10/0, Armour:2, Vision:2, Move:0, Move Cost:3,
    Projectile Damage:100, Projectile Cost:10 (health)
  5:Splitter (A single mine projectile is placed in front of the Starfighter)
    Health:0, Energy:100, Regen:0/10, Armour:0, Vision:0, Move:0, Move Cost:5,
    Projectile Damage:150, Projectile Cost:70 (energy)
  Weapon Selected:Snipe
->setup_next(1)
  state:armour setup, debug, ok
  1:None
    Health:50, Energy:0, Regen:1/0, Armour:0, Vision:0, Move:1, Move Cost:0
  2:Light
    Health:75, Energy:0, Regen:2/0, Armour:3, Vision:0, Move:0, Move Cost:1
  3:Medium
    Health:100, Energy:0, Regen:3/0, Armour:5, Vision:0, Move:0, Move Cost:3
  4:Heavy
    Health:200, Energy:0, Regen:4/0, Armour:10, Vision:0, Move:-1, Move Cost:5
  Armour Selected:None
->setup_select(1)
  state:armour setup, debug, ok
  1:None
    Health:50, Energy:0, Regen:1/0, Armour:0, Vision:0, Move:1, Move Cost:0
  2:Light
    Health:75, Energy:0, Regen:2/0, Armour:3, Vision:0, Move:0, Move Cost:1
  3:Medium
    Health:100, Energy:0, Regen:3/0, Armour:5, Vision:0, Move:0, Move Cost:3
  4:Heavy
    Health:200, Energy:0, Regen:4/0, Armour:10, Vision:0, Move:-1, Move Cost:5
  Armour Selected:None
->setup_next(1)
  state:engine setup, debug, ok
  1:Standard
    Health:10, Energy:60, Regen:0/2, Armour:1, Vision:12, Move:8, Move Cost:2
  2:Light
    Health:0, Energy:30, Regen:0/1, Armour:0, Vision:15, Move:10, Move Cost:1
  3:Armoured
    Health:50, Energy:100, Regen:0/3, Armour:3, Vision:6, Move:4, Move Cost:5
  Engine Selected:Standard
->setup_select(2)
  state:engine setup, debug, ok
  1:Standard
    Health:10, Energy:60, Regen:0/2, Armour:1, Vision:12, Move:8, Move Cost:2
  2:Light
    Health:0, Energy:30, Regen:0/1, Armour:0, Vision:15, Move:10, Move Cost:1
  3:Armoured
    Health:50, Energy:100, Regen:0/3, Armour:3, Vision:6, Move:4, Move Cost:5
  Engine Selected:Light
->setup_next(1)
  state:power setup, debug, ok
  1:Recall (50 energy): Teleport back to spawn.
  2:Repair (50 energy): Gain 50 health, can go over max health. Health regen will not be in effect if over cap.
  3:Overcharge (up to 50 health): Gain 2*health spent energy, can go over max energy. Energy regen will not be in effect if over cap.
  4:Deploy Drones (100 energy): Clear all projectiles.
  5:Orbital Strike (100 energy): Deal 100 damage to all enemies, affected by armour.
  Power Selected:Recall (50 energy): Teleport back to spawn.
->setup_select(5)
  state:power setup, debug, ok
  1:Recall (50 energy): Teleport back to spawn.
  2:Repair (50 energy): Gain 50 health, can go over max health. Health regen will not be in effect if over cap.
  3:Overcharge (up to 50 health): Gain 2*health spent energy, can go over max energy. Energy regen will not be in effect if over cap.
  4:Deploy Drones (100 energy): Clear all projectiles.
  5:Orbital Strike (100 energy): Deal 100 damage to all enemies, affected by armour.
  Power Selected:Orbital Strike (100 energy): Deal 100 damage to all enemies, affected by armour.
->setup_next(5)
  state:in game(0.0), debug, ok
  Starfighter:
    [0,S]->health:50/50, energy:130/130, Regen:1/6, Armour:0, Vision:25, Move:14, Move Cost:1, location:[C,1]
      Projectile Pattern:Snipe, Projectile Damage:1000, Projectile Cost:20 (energy)
      Power:Orbital Strike (100 energy): Deal 100 damage to all enemies, affected by armour.
      score:0
  Enemy:
  Projectile:
  Friendly Projectile Action:
  Enemy Projectile Action:
  Starfighter Action:
  Enemy Action:
  Natural Enemy Spawn:
      1  2  3  4  5  6  7  8  9 10 11 12 13 14 15 16 17 18 19 20 21 22 23 24 25 26 27 28 29 30
    A _  _  _  _  _  _  _  _  _  _  _  _  _  _  _  _  _  _  _  _  _  _  _  _  _  _  _  _  _  _
    B _  _  _  _  _  _  _  _  _  _  _  _  _  _  _  _  _  _  _  _  _  _  _  _  _  _  _  _  _  _
    C S  _  _  _  _  _  _  _  _  _  _  _  _  _  _  _  _  _  _  _  _  _  _  _  _  _  _  _  _  _
    D _  _  _  _  _  _  _  _  _  _  _  _  _  _  _  _  _  _  _  _  _  _  _  _  _  _  _  _  _  _
    E _  _  _  _  _  _  _  _  _  _  _  _  _  _  _  _  _  _  _  _  _  _  _  _  _  _  _  _  _  _
->fire
  state:in game(1.0), debug, ok
  Starfighter:
    [0,S]->health:50/50, energy:110/130, Regen:1/6, Armour:0, Vision:25, Move:14, Move Cost:1, location:[C,1]
      Projectile Pattern:Snipe, Projectile Damage:1000, Projectile Cost:20 (energy)
      Power:Orbital Strike (100 energy): Deal 100 damage to all enemies, affected by armour.
      score:0
  Enemy:
  Projectile:
    [-1,*]->damage:1000, move:8, location:[C,2]
  Friendly Projectile Action:
  Enemy Projectile Action:
  Starfighter Action:
    The Starfighter(id:0) fires at location [C,1].
      A friendly projectile(id:-1) spawns at location [C,2].
  Enemy Action:
  Natural Enemy Spawn:
      1  2  3  4  5  6  7  8  9 10 11 12 13 14 15 16 17 18 19 20 21 22 23 24 25 26 27 28 29 30
    A _  _  _  _  _  _  _  _  _  _  _  _  _  _  _  _  _  _  _  _  _  _  _  _  _  _  _  _  _  _
    B _  _  _  _  _  _  _  _  _  _  _  _  _  _  _  _  _  _  _  _  _  _  _  _  _  _  _  _  _  _
    C S  *  _  _  _  _  _  _  _  _  _  _  _  _  _  _  _  _  _  _  _  _  _  _  _  _  _  _  _  _
    D _  _  _  _  _  _  _  _  _  _  _  _  _  _  _  _  _  _  _  _  _  _  _  _  _  _  _  _  _  _
    E _  _  _  _  _  _  _  _  _  _  _  _  _  _  _  _  _  _  _  _  _  _  _  _  _  _  _  _  _  _
->move(C,10)
  state:not started, debug, ok
  Starfighter:
    [0,S]->health:0/50, energy:107/130, Regen:1/6, Armour:0, Vision:25, Move:14, Move Cost:1, location:[C,10]
      Projectile Pattern:Snipe, Projectile Damage:1000, Projectile Cost:20 (energy)
      Power:Orbital Strike (100 energy): Deal 100 damage to all enemies, affected by armour.
      score:0
  Enemy:
  Projectile:
  Friendly Projectile Action:
    A friendly projectile(id:-1) moves: [C,2] -> [C,10]
  Enemy Projectile Action:
  Starfighter Action:
    The Starfighter(id:0) moves: [C,1] -> [C,10]
      The Starfighter collides with friendly projectile(id:-1) at location [C,10], taking 1000 damage.
      The Starfighter at location [C,10] has been destroyed.
  Enemy Action:
  Natural Enemy Spawn:
      1  2  3  4  5  6  7  8  9 10 11 12 13 14 15 16 17 18 19 20 21 22 23 24 25 26 27 28 29 30
    A _  _  _  _  _  _  _  _  _  _  _  _  _  _  _  _  _  _  _  _  _  _  _  _  _  _  _  _  _  _
    B _  _  _  _  _  _  _  _  _  _  _  _  _  _  _  _  _  _  _  _  _  _  _  _  _  _  _  _  _  _
    C _  _  _  _  _  _  _  _  _  X  _  _  _  _  _  _  _  _  _  _  _  _  _  _  _  _  _  _  _  _
    D _  _  _  _  _  _  _  _  _  _  _  _  _  _  _  _  _  _  _  _  _  _  _  _  _  _  _  _  _  _
    E _  _  _  _  _  _  _  _  _  _  _  _  _  _  _  _  _  _  _  _  _  _  _  _  _  _  _  _  _  _
  The game is over. Better luck next time!
->abort
  state:not started, debug, error
  Command can only be used in setup mode or in game.
->play(5,30,1,1,1,1,1)
  state:weapon setup, debug, ok
  1:Standard (A single projectile is fired in front)
    Health:10, Energy:10, Regen:0/1, Armour:0, Vision:1, Move:1, Move Cost:1,
    Projectile Damage:70, Projectile Cost:5 (energy)
  2:Spread (Three projectiles are fired in front, two going diagonal)
    Health:0, Energy:60, Regen:0/2, Armour:1, Vision:0, Move:0, Move Cost:2,
    Projectile Damage:50, Projectile Cost:10 (energy)
  3:Snipe (Fast and high damage projectile, but only travels via teleporting)
    Health:0, Energy:100, Regen:0/5, Armour:0, Vision:10, Move:3, Move Cost:0,
    Projectile Damage:1000, Projectile Cost:20 (energy)
  4:Rocket (Two projectiles appear behind to the sides of the Starfighter and accelerates)
    Health:10, Energy:0, Regen:10/0, Armour:2, Vision:2, Move:0, Move Cost:3,
    Projectile Damage:100, Projectile Cost:10 (health)
  5:Splitter (A single mine projectile is placed in front of the Starfighter)
    Health:0, Energy:100, Regen:0/10, Armour:0, Vision:0, Move:0, Move Cost:5,
    Projectile Damage:150, Projectile Cost:70 (energy)
  Weapon Selected:Snipe
->setup_next(5)
  state:in game(0.0), debug, ok
  Starfighter:
    [0,S]->health:50/50, energy:130/130, Regen:1/6, Armour:0, Vision:25, Move:14, Move Cost:1, location:[C,1]
      Projectile Pattern:Snipe, Projectile Damage:1000, Projectile Cost:20 (energy)
      Power:Orbital Strike (100 energy): Deal 100 damage to all enemies, affected by armour.
      score:0
  Enemy:
  Projectile:
  Friendly Projectile Action:
  Enemy Projectile Action:
  Starfighter Action:
  Enemy Action:
  Natural Enemy Spawn:
      1  2  3  4  5  6  7  8  9 10 11 12 13 14 15 16 17 18 19 20 21 22 23 24 25 26 27 28 29 30
    A _  _  _  _  _  _  _  _  _  _  _  _  _  _  _  _  _  _  _  _  _  _  _  _  _  _  _  _  _  _
    B _  _  _  _  _  _  _  _  _  _  _  _  _  _  _  _  _  _  _  _  _  _  _  _  _  _  _  _  _  _
    C S  _  _  _  _  _  _  _  _  _  _  _  _  _  _  _  _  _  _  _  _  _  _  _  _  _  _  _  _  _
    D _  _  _  _  _  _  _  _  _  _  _  _  _  _  _  _  _  _  _  _  _  _  _  _  _  _  _  _  _  _
    E _  _  _  _  _  _  _  _  _  _  _  _  _  _  _  _  _  _  _  _  _  _  _  _  _  _  _  _  _  _
->fire
  state:in game(1.0), debug, ok
  Starfighter:
    [0,S]->health:50/50, energy:110/130, Regen:1/6, Armour:0, Vision:25, Move:14, Move Cost:1, location:[C,1]
      Projectile Pattern:Snipe, Projectile Damage:1000, Projectile Cost:20 (energy)
      Power:Orbital Strike (100 energy): Deal 100 damage to all enemies, affected by armour.
      score:0
  Enemy:
  Projectile:
    [-1,*]->damage:1000, move:8, location:[C,2]
  Friendly Projectile Action:
  Enemy Projectile Action:
  Starfighter Action:
    The Starfighter(id:0) fires at location [C,1].
      A friendly projectile(id:-1) spawns at location [C,2].
  Enemy Action:
  Natural Enemy Spawn:
      1  2  3  4  5  6  7  8  9 10 11 12 13 14 15 16 17 18 19 20 21 22 23 24 25 26 27 28 29 30
    A _  _  _  _  _  _  _  _  _  _  _  _  _  _  _  _  _  _  _  _  _  _  _  _  _  _  _  _  _  _
    B _  _  _  _  _  _  _  _  _  _  _  _  _  _  _  _  _  _  _  _  _  _  _  _  _  _  _  _  _  _
    C S  *  _  _  _  _  _  _  _  _  _  _  _  _  _  _  _  _  _  _  _  _  _  _  _  _  _  _  _  _
    D _  _  _  _  _  _  _  _  _  _  _  _  _  _  _  _  _  _  _  _  _  _  _  _  _  _  _  _  _  _
    E _  _  _  _  _  _  _  _  _  _  _  _  _  _  _  _  _  _  _  _  _  _  _  _  _  _  _  _  _  _
->move(C,11)
  state:not started, debug, ok
  Starfighter:
    [0,S]->health:0/50, energy:107/130, Regen:1/6, Armour:0, Vision:25, Move:14, Move Cost:1, location:[C,10]
      Projectile Pattern:Snipe, Projectile Damage:1000, Projectile Cost:20 (energy)
      Power:Orbital Strike (100 energy): Deal 100 damage to all enemies, affected by armour.
      score:0
  Enemy:
  Projectile:
  Friendly Projectile Action:
    A friendly projectile(id:-1) moves: [C,2] -> [C,10]
  Enemy Projectile Action:
  Starfighter Action:
    The Starfighter(id:0) moves: [C,1] -> [C,10]
      The Starfighter collides with friendly projectile(id:-1) at location [C,10], taking 1000 damage.
      The Starfighter at location [C,10] has been destroyed.
  Enemy Action:
  Natural Enemy Spawn:
      1  2  3  4  5  6  7  8  9 10 11 12 13 14 15 16 17 18 19 20 21 22 23 24 25 26 27 28 29 30
    A _  _  _  _  _  _  _  _  _  _  _  _  _  _  _  _  _  _  _  _  _  _  _  _  _  _  _  _  _  _
    B _  _  _  _  _  _  _  _  _  _  _  _  _  _  _  _  _  _  _  _  _  _  _  _  _  _  _  _  _  _
    C _  _  _  _  _  _  _  _  _  X  _  _  _  _  _  _  _  _  _  _  _  _  _  _  _  _  _  _  _  _
    D _  _  _  _  _  _  _  _  _  _  _  _  _  _  _  _  _  _  _  _  _  _  _  _  _  _  _  _  _  _
    E _  _  _  _  _  _  _  _  _  _  _  _  _  _  _  _  _  _  _  _  _  _  _  _  _  _  _  _  _  _
  The game is over. Better luck next time!
->play(5,30,1,1,1,1,1)
  state:weapon setup, debug, ok
  1:Standard (A single projectile is fired in front)
    Health:10, Energy:10, Regen:0/1, Armour:0, Vision:1, Move:1, Move Cost:1,
    Projectile Damage:70, Projectile Cost:5 (energy)
  2:Spread (Three projectiles are fired in front, two going diagonal)
    Health:0, Energy:60, Regen:0/2, Armour:1, Vision:0, Move:0, Move Cost:2,
    Projectile Damage:50, Projectile Cost:10 (energy)
  3:Snipe (Fast and high damage projectile, but only travels via teleporting)
    Health:0, Energy:100, Regen:0/5, Armour:0, Vision:10, Move:3, Move Cost:0,
    Projectile Damage:1000, Projectile Cost:20 (energy)
  4:Rocket (Two projectiles appear behind to the sides of the Starfighter and accelerates)
    Health:10, Energy:0, Regen:10/0, Armour:2, Vision:2, Move:0, Move Cost:3,
    Projectile Damage:100, Projectile Cost:10 (health)
  5:Splitter (A single mine projectile is placed in front of the Starfighter)
    Health:0, Energy:100, Regen:0/10, Armour:0, Vision:0, Move:0, Move Cost:5,
    Projectile Damage:150, Projectile Cost:70 (energy)
  Weapon Selected:Snipe
->setup_next(5)
  state:in game(0.0), debug, ok
  Starfighter:
    [0,S]->health:50/50, energy:130/130, Regen:1/6, Armour:0, Vision:25, Move:14, Move Cost:1, location:[C,1]
      Projectile Pattern:Snipe, Projectile Damage:1000, Projectile Cost:20 (energy)
      Power:Orbital Strike (100 energy): Deal 100 damage to all enemies, affected by armour.
      score:0
  Enemy:
  Projectile:
  Friendly Projectile Action:
  Enemy Projectile Action:
  Starfighter Action:
  Enemy Action:
  Natural Enemy Spawn:
      1  2  3  4  5  6  7  8  9 10 11 12 13 14 15 16 17 18 19 20 21 22 23 24 25 26 27 28 29 30
    A _  _  _  _  _  _  _  _  _  _  _  _  _  _  _  _  _  _  _  _  _  _  _  _  _  _  _  _  _  _
    B _  _  _  _  _  _  _  _  _  _  _  _  _  _  _  _  _  _  _  _  _  _  _  _  _  _  _  _  _  _
    C S  _  _  _  _  _  _  _  _  _  _  _  _  _  _  _  _  _  _  _  _  _  _  _  _  _  _  _  _  _
    D _  _  _  _  _  _  _  _  _  _  _  _  _  _  _  _  _  _  _  _  _  _  _  _  _  _  _  _  _  _
    E _  _  _  _  _  _  _  _  _  _  _  _  _  _  _  _  _  _  _  _  _  _  _  _  _  _  _  _  _  _
->fire
  state:in game(1.0), debug, ok
  Starfighter:
    [0,S]->health:50/50, energy:110/130, Regen:1/6, Armour:0, Vision:25, Move:14, Move Cost:1, location:[C,1]
      Projectile Pattern:Snipe, Projectile Damage:1000, Projectile Cost:20 (energy)
      Power:Orbital Strike (100 energy): Deal 100 damage to all enemies, affected by armour.
      score:0
  Enemy:
  Projectile:
    [-1,*]->damage:1000, move:8, location:[C,2]
  Friendly Projectile Action:
  Enemy Projectile Action:
  Starfighter Action:
    The Starfighter(id:0) fires at location [C,1].
      A friendly projectile(id:-1) spawns at location [C,2].
  Enemy Action:
  Natural Enemy Spawn:
      1  2  3  4  5  6  7  8  9 10 11 12 13 14 15 16 17 18 19 20 21 22 23 24 25 26 27 28 29 30
    A _  _  _  _  _  _  _  _  _  _  _  _  _  _  _  _  _  _  _  _  _  _  _  _  _  _  _  _  _  _
    B _  _  _  _  _  _  _  _  _  _  _  _  _  _  _  _  _  _  _  _  _  _  _  _  _  _  _  _  _  _
    C S  *  _  _  _  _  _  _  _  _  _  _  _  _  _  _  _  _  _  _  _  _  _  _  _  _  _  _  _  _
    D _  _  _  _  _  _  _  _  _  _  _  _  _  _  _  _  _  _  _  _  _  _  _  _  _  _  _  _  _  _
    E _  _  _  _  _  _  _  _  _  _  _  _  _  _  _  _  _  _  _  _  _  _  _  _  _  _  _  _  _  _
->move(D,13)
  state:in game(2.0), debug, ok
  Starfighter:
    [0,S]->health:50/50, energy:103/130, Regen:1/6, Armour:0, Vision:25, Move:14, Move Cost:1, location:[D,13]
      Projectile Pattern:Snipe, Projectile Damage:1000, Projectile Cost:20 (energy)
      Power:Orbital Strike (100 energy): Deal 100 damage to all enemies, affected by armour.
      score:0
  Enemy:
  Projectile:
    [-1,*]->damage:1000, move:8, location:[C,10]
  Friendly Projectile Action:
    A friendly projectile(id:-1) moves: [C,2] -> [C,10]
  Enemy Projectile Action:
  Starfighter Action:
    The Starfighter(id:0) moves: [C,1] -> [D,13]
  Enemy Action:
  Natural Enemy Spawn:
      1  2  3  4  5  6  7  8  9 10 11 12 13 14 15 16 17 18 19 20 21 22 23 24 25 26 27 28 29 30
    A _  _  _  _  _  _  _  _  _  _  _  _  _  _  _  _  _  _  _  _  _  _  _  _  _  _  _  _  _  _
    B _  _  _  _  _  _  _  _  _  _  _  _  _  _  _  _  _  _  _  _  _  _  _  _  _  _  _  _  _  _
    C _  _  _  _  _  _  _  _  _  *  _  _  _  _  _  _  _  _  _  _  _  _  _  _  _  _  _  _  _  _
    D _  _  _  _  _  _  _  _  _  _  _  _  S  _  _  _  _  _  _  _  _  _  _  _  _  _  _  _  _  _
    E _  _  _  _  _  _  _  _  _  _  _  _  _  _  _  _  _  _  _  _  _  _  _  _  _  _  _  _  _  _
->move(D,27)
  state:in game(3.0), debug, ok
  Starfighter:
    [0,S]->health:50/50, energy:95/130, Regen:1/6, Armour:0, Vision:25, Move:14, Move Cost:1, location:[D,27]
      Projectile Pattern:Snipe, Projectile Damage:1000, Projectile Cost:20 (energy)
      Power:Orbital Strike (100 energy): Deal 100 damage to all enemies, affected by armour.
      score:0
  Enemy:
  Projectile:
    [-1,*]->damage:1000, move:8, location:[C,18]
  Friendly Projectile Action:
    A friendly projectile(id:-1) moves: [C,10] -> [C,18]
  Enemy Projectile Action:
  Starfighter Action:
    The Starfighter(id:0) moves: [D,13] -> [D,27]
  Enemy Action:
  Natural Enemy Spawn:
      1  2  3  4  5  6  7  8  9 10 11 12 13 14 15 16 17 18 19 20 21 22 23 24 25 26 27 28 29 30
    A _  _  _  _  _  _  _  _  _  _  _  _  _  _  _  _  _  _  _  _  _  _  _  _  _  _  _  _  _  _
    B _  _  _  _  _  _  _  _  _  _  _  _  _  _  _  _  _  _  _  _  _  _  _  _  _  _  _  _  _  _
    C _  _  _  _  _  _  _  _  _  _  _  _  _  _  _  _  _  *  _  _  _  _  _  _  _  _  _  _  _  _
    D _  _  _  _  _  _  _  _  _  _  _  _  _  _  _  _  _  _  _  _  _  _  _  _  _  _  S  _  _  _
    E _  _  _  _  _  _  _  _  _  _  _  _  _  _  _  _  _  _  _  _  _  _  _  _  _  _  _  _  _  _
->move(C,27)
  state:in game(4.0), debug, ok
  Starfighter:
    [0,S]->health:50/50, energy:100/130, Regen:1/6, Armour:0, Vision:25, Move:14, Move Cost:1, location:[C,27]
      Projectile Pattern:Snipe, Projectile Damage:1000, Projectile Cost:20 (energy)
      Power:Orbital Strike (100 energy): Deal 100 damage to all enemies, affected by armour.
      score:0
  Enemy:
  Projectile:
    [-1,*]->damage:1000, move:8, location:[C,26]
  Friendly Projectile Action:
    A friendly projectile(id:-1) moves: [C,18] -> [C,26]
  Enemy Projectile Action:
  Starfighter Action:
    The Starfighter(id:0) moves: [D,27] -> [C,27]
  Enemy Action:
  Natural Enemy Spawn:
      1  2  3  4  5  6  7  8  9 10 11 12 13 14 15 16 17 18 19 20 21 22 23 24 25 26 27 28 29 30
    A _  _  _  _  _  _  _  _  _  _  _  _  _  _  _  _  _  _  _  _  _  _  _  _  _  _  _  _  _  _
    B _  _  _  _  _  _  _  _  _  _  _  _  _  _  _  _  _  _  _  _  _  _  _  _  _  _  _  _  _  _
    C _  _  _  _  _  _  _  _  _  _  _  _  _  _  _  _  _  _  _  _  _  _  _  _  _  *  S  _  _  _
    D _  _  _  _  _  _  _  _  _  _  _  _  _  _  _  _  _  _  _  _  _  _  _  _  _  _  _  _  _  _
    E _  _  _  _  _  _  _  _  _  _  _  _  _  _  _  _  _  _  _  _  _  _  _  _  _  _  _  _  _  _
->pass
  state:in game(5.0), debug, ok
  Starfighter:
    [0,S]->health:50/50, energy:112/130, Regen:1/6, Armour:0, Vision:25, Move:14, Move Cost:1, location:[C,27]
      Projectile Pattern:Snipe, Projectile Damage:1000, Projectile Cost:20 (energy)
      Power:Orbital Strike (100 energy): Deal 100 damage to all enemies, affected by armour.
      score:0
  Enemy:
  Projectile:
  Friendly Projectile Action:
    A friendly projectile(id:-1) moves: [C,26] -> out of board
  Enemy Projectile Action:
  Starfighter Action:
    The Starfighter(id:0) passes at location [C,27], doubling regen rate.
  Enemy Action:
  Natural Enemy Spawn:
      1  2  3  4  5  6  7  8  9 10 11 12 13 14 15 16 17 18 19 20 21 22 23 24 25 26 27 28 29 30
    A _  _  _  _  _  _  _  _  _  _  _  _  _  _  _  _  _  _  _  _  _  _  _  _  _  _  _  _  _  _
    B _  _  _  _  _  _  _  _  _  _  _  _  _  _  _  _  _  _  _  _  _  _  _  _  _  _  _  _  _  _
    C _  _  _  _  _  _  _  _  _  _  _  _  _  _  _  _  _  _  _  _  _  _  _  _  _  _  S  _  _  _
    D _  _  _  _  _  _  _  _  _  _  _  _  _  _  _  _  _  _  _  _  _  _  _  _  _  _  _  _  _  _
    E _  _  _  _  _  _  _  _  _  _  _  _  _  _  _  _  _  _  _  _  _  _  _  _  _  _  _  _  _  _
->abort
  state:not started, debug, ok
  Exited from game.
