  state:not started, normal, ok
  Welcome to Space Defender Version 2.
->play(9,15,1,1,1,1,1)
  state:weapon setup, normal, ok
  1:Standard (A single projectile is fired in front)
    Health:10, Energy:10, Regen:0/1, Armour:0, Vision:1, Move:1, Move Cost:1,
    Projectile Damage:70, Projectile Cost:5 (energy)
  2:Spread (Three projectiles are fired in front, two going diagonal)
    Health:0, Energy:60, Regen:0/2, Armour:1, Vision:0, Move:0, Move Cost:2,
    Projectile Damage:50, Projectile Cost:10 (energy)
  3:Snipe (Fast and high damage projectile, but only travels via teleporting)
    Health:0, Energy:100, Regen:0/5, Armour:0, Vision:10, Move:3, Move Cost:0,
    Projectile Damage:1000, Projectile Cost:20 (energy)
  4:Rocket (Two projectiles appear behind to the sides of the Starfighter and accelerates)
    Health:10, Energy:0, Regen:10/0, Armour:2, Vision:2, Move:0, Move Cost:3,
    Projectile Damage:100, Projectile Cost:10 (health)
  5:Splitter (A single mine projectile is placed in front of the Starfighter)
    Health:0, Energy:100, Regen:0/10, Armour:0, Vision:0, Move:0, Move Cost:5,
    Projectile Damage:150, Projectile Cost:70 (energy)
  Weapon Selected:Standard
->toggle_debug_mode
  state:weapon setup, debug, ok
  In debug mode.
->setup_select(2)
  state:weapon setup, debug, ok
  1:Standard (A single projectile is fired in front)
    Health:10, Energy:10, Regen:0/1, Armour:0, Vision:1, Move:1, Move Cost:1,
    Projectile Damage:70, Projectile Cost:5 (energy)
  2:Spread (Three projectiles are fired in front, two going diagonal)
    Health:0, Energy:60, Regen:0/2, Armour:1, Vision:0, Move:0, Move Cost:2,
    Projectile Damage:50, Projectile Cost:10 (energy)
  3:Snipe (Fast and high damage projectile, but only travels via teleporting)
    Health:0, Energy:100, Regen:0/5, Armour:0, Vision:10, Move:3, Move Cost:0,
    Projectile Damage:1000, Projectile Cost:20 (energy)
  4:Rocket (Two projectiles appear behind to the sides of the Starfighter and accelerates)
    Health:10, Energy:0, Regen:10/0, Armour:2, Vision:2, Move:0, Move Cost:3,
    Projectile Damage:100, Projectile Cost:10 (health)
  5:Splitter (A single mine projectile is placed in front of the Starfighter)
    Health:0, Energy:100, Regen:0/10, Armour:0, Vision:0, Move:0, Move Cost:5,
    Projectile Damage:150, Projectile Cost:70 (energy)
  Weapon Selected:Spread
->setup_next(1)
  state:armour setup, debug, ok
  1:None
    Health:50, Energy:0, Regen:1/0, Armour:0, Vision:0, Move:1, Move Cost:0
  2:Light
    Health:75, Energy:0, Regen:2/0, Armour:3, Vision:0, Move:0, Move Cost:1
  3:Medium
    Health:100, Energy:0, Regen:3/0, Armour:5, Vision:0, Move:0, Move Cost:3
  4:Heavy
    Health:200, Energy:0, Regen:4/0, Armour:10, Vision:0, Move:-1, Move Cost:5
  Armour Selected:None
->setup_select(3)
  state:armour setup, debug, ok
  1:None
    Health:50, Energy:0, Regen:1/0, Armour:0, Vision:0, Move:1, Move Cost:0
  2:Light
    Health:75, Energy:0, Regen:2/0, Armour:3, Vision:0, Move:0, Move Cost:1
  3:Medium
    Health:100, Energy:0, Regen:3/0, Armour:5, Vision:0, Move:0, Move Cost:3
  4:Heavy
    Health:200, Energy:0, Regen:4/0, Armour:10, Vision:0, Move:-1, Move Cost:5
  Armour Selected:Medium
->setup_next(1)
  state:engine setup, debug, ok
  1:Standard
    Health:10, Energy:60, Regen:0/2, Armour:1, Vision:12, Move:8, Move Cost:2
  2:Light
    Health:0, Energy:30, Regen:0/1, Armour:0, Vision:15, Move:10, Move Cost:1
  3:Armoured
    Health:50, Energy:100, Regen:0/3, Armour:3, Vision:6, Move:4, Move Cost:5
  Engine Selected:Standard
->setup_select(1)
  state:engine setup, debug, ok
  1:Standard
    Health:10, Energy:60, Regen:0/2, Armour:1, Vision:12, Move:8, Move Cost:2
  2:Light
    Health:0, Energy:30, Regen:0/1, Armour:0, Vision:15, Move:10, Move Cost:1
  3:Armoured
    Health:50, Energy:100, Regen:0/3, Armour:3, Vision:6, Move:4, Move Cost:5
  Engine Selected:Standard
->setup_next(1)
  state:power setup, debug, ok
  1:Recall (50 energy): Teleport back to spawn.
  2:Repair (50 energy): Gain 50 health, can go over max health. Health regen will not be in effect if over cap.
  3:Overcharge (up to 50 health): Gain 2*health spent energy, can go over max energy. Energy regen will not be in effect if over cap.
  4:Deploy Drones (100 energy): Clear all projectiles.
  5:Orbital Strike (100 energy): Deal 100 damage to all enemies, affected by armour.
  Power Selected:Recall (50 energy): Teleport back to spawn.
->setup_select(5)
  state:power setup, debug, ok
  1:Recall (50 energy): Teleport back to spawn.
  2:Repair (50 energy): Gain 50 health, can go over max health. Health regen will not be in effect if over cap.
  3:Overcharge (up to 50 health): Gain 2*health spent energy, can go over max energy. Energy regen will not be in effect if over cap.
  4:Deploy Drones (100 energy): Clear all projectiles.
  5:Orbital Strike (100 energy): Deal 100 damage to all enemies, affected by armour.
  Power Selected:Orbital Strike (100 energy): Deal 100 damage to all enemies, affected by armour.
->setup_next(5)
  state:in game(0.0), debug, ok
  Starfighter:
    [0,S]->health:110/110, energy:120/120, Regen:3/4, Armour:7, Vision:12, Move:8, Move Cost:7, location:[E,1]
      Projectile Pattern:Spread, Projectile Damage:50, Projectile Cost:10 (energy)
      Power:Orbital Strike (100 energy): Deal 100 damage to all enemies, affected by armour.
      score:0
  Enemy:
  Projectile:
  Friendly Projectile Action:
  Enemy Projectile Action:
  Starfighter Action:
  Enemy Action:
  Natural Enemy Spawn:
      1  2  3  4  5  6  7  8  9 10 11 12 13 14 15
    A _  _  _  _  _  _  _  _  _  _  _  _  _  _  _
    B _  _  _  _  _  _  _  _  _  _  _  _  _  _  _
    C _  _  _  _  _  _  _  _  _  _  _  _  _  _  _
    D _  _  _  _  _  _  _  _  _  _  _  _  _  _  _
    E S  _  _  _  _  _  _  _  _  _  _  _  _  _  _
    F _  _  _  _  _  _  _  _  _  _  _  _  _  _  _
    G _  _  _  _  _  _  _  _  _  _  _  _  _  _  _
    H _  _  _  _  _  _  _  _  _  _  _  _  _  _  _
    I _  _  _  _  _  _  _  _  _  _  _  _  _  _  _
->fire
  state:in game(1.0), debug, ok
  Starfighter:
    [0,S]->health:110/110, energy:110/120, Regen:3/4, Armour:7, Vision:12, Move:8, Move Cost:7, location:[E,1]
      Projectile Pattern:Spread, Projectile Damage:50, Projectile Cost:10 (energy)
      Power:Orbital Strike (100 energy): Deal 100 damage to all enemies, affected by armour.
      score:0
  Enemy:
  Projectile:
    [-1,*]->damage:50, move:1, location:[D,2]
    [-2,*]->damage:50, move:1, location:[E,2]
    [-3,*]->damage:50, move:1, location:[F,2]
  Friendly Projectile Action:
  Enemy Projectile Action:
  Starfighter Action:
    The Starfighter(id:0) fires at location [E,1].
      A friendly projectile(id:-1) spawns at location [D,2].
      A friendly projectile(id:-2) spawns at location [E,2].
      A friendly projectile(id:-3) spawns at location [F,2].
  Enemy Action:
  Natural Enemy Spawn:
      1  2  3  4  5  6  7  8  9 10 11 12 13 14 15
    A _  _  _  _  _  _  _  _  _  _  _  _  _  _  _
    B _  _  _  _  _  _  _  _  _  _  _  _  _  _  _
    C _  _  _  _  _  _  _  _  _  _  _  _  _  _  _
    D _  *  _  _  _  _  _  _  _  _  _  _  _  _  _
    E S  *  _  _  _  _  _  _  _  _  _  _  _  _  _
    F _  *  _  _  _  _  _  _  _  _  _  _  _  _  _
    G _  _  _  _  _  _  _  _  _  _  _  _  _  _  _
    H _  _  _  _  _  _  _  _  _  _  _  _  _  _  _
    I _  _  _  _  _  _  _  _  _  _  _  _  _  _  _
->move(C,5)
  state:in game(2.0), debug, ok
  Starfighter:
    [0,S]->health:67/110, energy:72/120, Regen:3/4, Armour:7, Vision:12, Move:8, Move Cost:7, location:[C,5]
      Projectile Pattern:Spread, Projectile Damage:50, Projectile Cost:10 (energy)
      Power:Orbital Strike (100 energy): Deal 100 damage to all enemies, affected by armour.
      score:0
  Enemy:
  Projectile:
    [-2,*]->damage:50, move:1, location:[E,3]
    [-3,*]->damage:50, move:1, location:[G,3]
  Friendly Projectile Action:
    A friendly projectile(id:-1) moves: [D,2] -> [C,3]
    A friendly projectile(id:-2) moves: [E,2] -> [E,3]
    A friendly projectile(id:-3) moves: [F,2] -> [G,3]
  Enemy Projectile Action:
  Starfighter Action:
    The Starfighter(id:0) moves: [E,1] -> [C,5]
      The Starfighter collides with friendly projectile(id:-1) at location [C,3], taking 43 damage.
  Enemy Action:
  Natural Enemy Spawn:
      1  2  3  4  5  6  7  8  9 10 11 12 13 14 15
    A _  _  _  _  _  _  _  _  _  _  _  _  _  _  _
    B _  _  _  _  _  _  _  _  _  _  _  _  _  _  _
    C _  _  _  _  S  _  _  _  _  _  _  _  _  _  _
    D _  _  _  _  _  _  _  _  _  _  _  _  _  _  _
    E _  _  *  _  _  _  _  _  _  _  _  _  _  _  _
    F _  _  _  _  _  _  _  _  _  _  _  _  _  _  _
    G _  _  *  _  _  _  _  _  _  _  _  _  _  _  _
    H _  _  _  _  _  _  _  _  _  _  _  _  _  _  _
    I _  _  _  _  _  _  _  _  _  _  _  _  _  _  _
->move(H,4)
  state:in game(3.0), debug, ok
  Starfighter:
    [0,S]->health:27/110, energy:34/120, Regen:3/4, Armour:7, Vision:12, Move:8, Move Cost:7, location:[H,4]
      Projectile Pattern:Spread, Projectile Damage:50, Projectile Cost:10 (energy)
      Power:Orbital Strike (100 energy): Deal 100 damage to all enemies, affected by armour.
      score:0
  Enemy:
  Projectile:
    [-2,*]->damage:50, move:1, location:[E,4]
  Friendly Projectile Action:
    A friendly projectile(id:-2) moves: [E,3] -> [E,4]
    A friendly projectile(id:-3) moves: [G,3] -> [H,4]
  Enemy Projectile Action:
  Starfighter Action:
    The Starfighter(id:0) moves: [C,5] -> [H,4]
      The Starfighter collides with friendly projectile(id:-3) at location [H,4], taking 43 damage.
  Enemy Action:
  Natural Enemy Spawn:
      1  2  3  4  5  6  7  8  9 10 11 12 13 14 15
    A _  _  _  _  _  _  _  _  _  _  _  _  _  _  _
    B _  _  _  _  _  _  _  _  _  _  _  _  _  _  _
    C _  _  _  _  _  _  _  _  _  _  _  _  _  _  _
    D _  _  _  _  _  _  _  _  _  _  _  _  _  _  _
    E _  _  _  *  _  _  _  _  _  _  _  _  _  _  _
    F _  _  _  _  _  _  _  _  _  _  _  _  _  _  _
    G _  _  _  _  _  _  _  _  _  _  _  _  _  _  _
    H _  _  _  S  _  _  _  _  _  _  _  _  _  _  _
    I _  _  _  _  _  _  _  _  _  _  _  _  _  _  _
->fire
  state:in game(4.0), debug, ok
  Starfighter:
    [0,S]->health:30/110, energy:28/120, Regen:3/4, Armour:7, Vision:12, Move:8, Move Cost:7, location:[H,4]
      Projectile Pattern:Spread, Projectile Damage:50, Projectile Cost:10 (energy)
      Power:Orbital Strike (100 energy): Deal 100 damage to all enemies, affected by armour.
      score:0
  Enemy:
  Projectile:
    [-2,*]->damage:50, move:1, location:[E,5]
    [-4,*]->damage:50, move:1, location:[G,5]
    [-5,*]->damage:50, move:1, location:[H,5]
    [-6,*]->damage:50, move:1, location:[I,5]
  Friendly Projectile Action:
    A friendly projectile(id:-2) moves: [E,4] -> [E,5]
  Enemy Projectile Action:
  Starfighter Action:
    The Starfighter(id:0) fires at location [H,4].
      A friendly projectile(id:-4) spawns at location [G,5].
      A friendly projectile(id:-5) spawns at location [H,5].
      A friendly projectile(id:-6) spawns at location [I,5].
  Enemy Action:
  Natural Enemy Spawn:
      1  2  3  4  5  6  7  8  9 10 11 12 13 14 15
    A _  _  _  _  _  _  _  _  _  _  _  _  _  _  _
    B _  _  _  _  _  _  _  _  _  _  _  _  _  _  _
    C _  _  _  _  _  _  _  _  _  _  _  _  _  _  _
    D _  _  _  _  _  _  _  _  _  _  _  _  _  _  _
    E _  _  _  _  *  _  _  _  _  _  _  _  _  _  _
    F _  _  _  _  _  _  _  _  _  _  _  _  _  _  _
    G _  _  _  _  *  _  _  _  _  _  _  _  _  _  _
    H _  _  _  S  *  _  _  _  _  _  _  _  _  _  _
    I _  _  _  _  *  _  _  _  _  _  _  _  _  _  _
->pass
  state:in game(5.0), debug, ok
  Starfighter:
    [0,S]->health:36/110, energy:36/120, Regen:3/4, Armour:7, Vision:12, Move:8, Move Cost:7, location:[H,4]
      Projectile Pattern:Spread, Projectile Damage:50, Projectile Cost:10 (energy)
      Power:Orbital Strike (100 energy): Deal 100 damage to all enemies, affected by armour.
      score:0
  Enemy:
  Projectile:
    [-2,*]->damage:50, move:1, location:[E,6]
    [-4,*]->damage:50, move:1, location:[F,6]
    [-5,*]->damage:50, move:1, location:[H,6]
  Friendly Projectile Action:
    A friendly projectile(id:-2) moves: [E,5] -> [E,6]
    A friendly projectile(id:-4) moves: [G,5] -> [F,6]
    A friendly projectile(id:-5) moves: [H,5] -> [H,6]
    A friendly projectile(id:-6) moves: [I,5] -> out of board
  Enemy Projectile Action:
  Starfighter Action:
    The Starfighter(id:0) passes at location [H,4], doubling regen rate.
  Enemy Action:
  Natural Enemy Spawn:
      1  2  3  4  5  6  7  8  9 10 11 12 13 14 15
    A _  _  _  _  _  _  _  _  _  _  _  _  _  _  _
    B _  _  _  _  _  _  _  _  _  _  _  _  _  _  _
    C _  _  _  _  _  _  _  _  _  _  _  _  _  _  _
    D _  _  _  _  _  _  _  _  _  _  _  _  _  _  _
    E _  _  _  _  _  *  _  _  _  _  _  _  _  _  _
    F _  _  _  _  _  *  _  _  _  _  _  _  _  _  _
    G _  _  _  _  _  _  _  _  _  _  _  _  _  _  _
    H _  _  _  S  _  *  _  _  _  _  _  _  _  _  _
    I _  _  _  _  _  _  _  _  _  _  _  _  _  _  _
->pass
  state:in game(6.0), debug, ok
  Starfighter:
    [0,S]->health:42/110, energy:44/120, Regen:3/4, Armour:7, Vision:12, Move:8, Move Cost:7, location:[H,4]
      Projectile Pattern:Spread, Projectile Damage:50, Projectile Cost:10 (energy)
      Power:Orbital Strike (100 energy): Deal 100 damage to all enemies, affected by armour.
      score:0
  Enemy:
  Projectile:
    [-4,*]->damage:100, move:1, location:[E,7]
    [-5,*]->damage:50, move:1, location:[H,7]
  Friendly Projectile Action:
    A friendly projectile(id:-2) moves: [E,6] -> [E,7]
    A friendly projectile(id:-4) moves: [F,6] -> [E,7]
      The projectile collides with friendly projectile(id:-2) at location [E,7], combining damage.
    A friendly projectile(id:-5) moves: [H,6] -> [H,7]
  Enemy Projectile Action:
  Starfighter Action:
    The Starfighter(id:0) passes at location [H,4], doubling regen rate.
  Enemy Action:
  Natural Enemy Spawn:
      1  2  3  4  5  6  7  8  9 10 11 12 13 14 15
    A _  _  _  _  _  _  _  _  _  _  _  _  _  _  _
    B _  _  _  _  _  _  _  _  _  _  _  _  _  _  _
    C _  _  _  _  _  _  _  _  _  _  _  _  _  _  _
    D _  _  _  _  _  _  _  _  _  _  _  _  _  _  _
    E _  _  _  _  _  _  *  _  _  _  _  _  _  _  _
    F _  _  _  _  _  _  _  _  _  _  _  _  _  _  _
    G _  _  _  _  _  _  _  _  _  _  _  _  _  _  _
    H _  _  _  S  _  _  *  _  _  _  _  _  _  _  _
    I _  _  _  _  _  _  _  _  _  _  _  _  _  _  _
->abort
  state:not started, debug, ok
  Exited from game.
->play(9,30,1,1,1,1,1)
  state:weapon setup, debug, ok
  1:Standard (A single projectile is fired in front)
    Health:10, Energy:10, Regen:0/1, Armour:0, Vision:1, Move:1, Move Cost:1,
    Projectile Damage:70, Projectile Cost:5 (energy)
  2:Spread (Three projectiles are fired in front, two going diagonal)
    Health:0, Energy:60, Regen:0/2, Armour:1, Vision:0, Move:0, Move Cost:2,
    Projectile Damage:50, Projectile Cost:10 (energy)
  3:Snipe (Fast and high damage projectile, but only travels via teleporting)
    Health:0, Energy:100, Regen:0/5, Armour:0, Vision:10, Move:3, Move Cost:0,
    Projectile Damage:1000, Projectile Cost:20 (energy)
  4:Rocket (Two projectiles appear behind to the sides of the Starfighter and accelerates)
    Health:10, Energy:0, Regen:10/0, Armour:2, Vision:2, Move:0, Move Cost:3,
    Projectile Damage:100, Projectile Cost:10 (health)
  5:Splitter (A single mine projectile is placed in front of the Starfighter)
    Health:0, Energy:100, Regen:0/10, Armour:0, Vision:0, Move:0, Move Cost:5,
    Projectile Damage:150, Projectile Cost:70 (energy)
  Weapon Selected:Spread
->setup_next(5)
  state:in game(0.0), debug, ok
  Starfighter:
    [0,S]->health:110/110, energy:120/120, Regen:3/4, Armour:7, Vision:12, Move:8, Move Cost:7, location:[E,1]
      Projectile Pattern:Spread, Projectile Damage:50, Projectile Cost:10 (energy)
      Power:Orbital Strike (100 energy): Deal 100 damage to all enemies, affected by armour.
      score:0
  Enemy:
  Projectile:
  Friendly Projectile Action:
  Enemy Projectile Action:
  Starfighter Action:
  Enemy Action:
  Natural Enemy Spawn:
      1  2  3  4  5  6  7  8  9 10 11 12 13 14 15 16 17 18 19 20 21 22 23 24 25 26 27 28 29 30
    A _  _  _  _  _  _  _  _  _  _  _  _  _  _  _  _  _  _  _  _  _  _  _  _  _  _  _  _  _  _
    B _  _  _  _  _  _  _  _  _  _  _  _  _  _  _  _  _  _  _  _  _  _  _  _  _  _  _  _  _  _
    C _  _  _  _  _  _  _  _  _  _  _  _  _  _  _  _  _  _  _  _  _  _  _  _  _  _  _  _  _  _
    D _  _  _  _  _  _  _  _  _  _  _  _  _  _  _  _  _  _  _  _  _  _  _  _  _  _  _  _  _  _
    E S  _  _  _  _  _  _  _  _  _  _  _  _  _  _  _  _  _  _  _  _  _  _  _  _  _  _  _  _  _
    F _  _  _  _  _  _  _  _  _  _  _  _  _  _  _  _  _  _  _  _  _  _  _  _  _  _  _  _  _  _
    G _  _  _  _  _  _  _  _  _  _  _  _  _  _  _  _  _  _  _  _  _  _  _  _  _  _  _  _  _  _
    H _  _  _  _  _  _  _  _  _  _  _  _  _  _  _  _  _  _  _  _  _  _  _  _  _  _  _  _  _  _
    I _  _  _  _  _  _  _  _  _  _  _  _  _  _  _  _  _  _  _  _  _  _  _  _  _  _  _  _  _  _
->fire
  state:in game(1.0), debug, ok
  Starfighter:
    [0,S]->health:110/110, energy:110/120, Regen:3/4, Armour:7, Vision:12, Move:8, Move Cost:7, location:[E,1]
      Projectile Pattern:Spread, Projectile Damage:50, Projectile Cost:10 (energy)
      Power:Orbital Strike (100 energy): Deal 100 damage to all enemies, affected by armour.
      score:0
  Enemy:
  Projectile:
    [-1,*]->damage:50, move:1, location:[D,2]
    [-2,*]->damage:50, move:1, location:[E,2]
    [-3,*]->damage:50, move:1, location:[F,2]
  Friendly Projectile Action:
  Enemy Projectile Action:
  Starfighter Action:
    The Starfighter(id:0) fires at location [E,1].
      A friendly projectile(id:-1) spawns at location [D,2].
      A friendly projectile(id:-2) spawns at location [E,2].
      A friendly projectile(id:-3) spawns at location [F,2].
  Enemy Action:
  Natural Enemy Spawn:
      1  2  3  4  5  6  7  8  9 10 11 12 13 14 15 16 17 18 19 20 21 22 23 24 25 26 27 28 29 30
    A _  _  _  _  _  _  _  _  _  _  _  _  _  _  _  _  _  _  _  _  _  _  _  _  _  _  _  _  _  _
    B _  _  _  _  _  _  _  _  _  _  _  _  _  _  _  _  _  _  _  _  _  _  _  _  _  _  _  _  _  _
    C _  _  _  _  _  _  _  _  _  _  _  _  _  _  _  _  _  _  _  _  _  _  _  _  _  _  _  _  _  _
    D _  *  _  _  _  _  _  _  _  _  _  _  _  _  _  _  _  _  _  _  _  _  _  _  _  _  _  _  _  _
    E S  *  _  _  _  _  _  _  _  _  _  _  _  _  _  _  _  _  _  _  _  _  _  _  _  _  _  _  _  _
    F _  *  _  _  _  _  _  _  _  _  _  _  _  _  _  _  _  _  _  _  _  _  _  _  _  _  _  _  _  _
    G _  _  _  _  _  _  _  _  _  _  _  _  _  _  _  _  _  _  _  _  _  _  _  _  _  _  _  _  _  _
    H _  _  _  _  _  _  _  _  _  _  _  _  _  _  _  _  _  _  _  _  _  _  _  _  _  _  _  _  _  _
    I _  _  _  _  _  _  _  _  _  _  _  _  _  _  _  _  _  _  _  _  _  _  _  _  _  _  _  _  _  _
->move(A,4)
  state:in game(2.0), debug, ok
  Starfighter:
    [0,S]->health:110/110, energy:65/120, Regen:3/4, Armour:7, Vision:12, Move:8, Move Cost:7, location:[A,4]
      Projectile Pattern:Spread, Projectile Damage:50, Projectile Cost:10 (energy)
      Power:Orbital Strike (100 energy): Deal 100 damage to all enemies, affected by armour.
      score:0
  Enemy:
  Projectile:
    [-1,*]->damage:50, move:1, location:[C,3]
    [-2,*]->damage:50, move:1, location:[E,3]
    [-3,*]->damage:50, move:1, location:[G,3]
  Friendly Projectile Action:
    A friendly projectile(id:-1) moves: [D,2] -> [C,3]
    A friendly projectile(id:-2) moves: [E,2] -> [E,3]
    A friendly projectile(id:-3) moves: [F,2] -> [G,3]
  Enemy Projectile Action:
  Starfighter Action:
    The Starfighter(id:0) moves: [E,1] -> [A,4]
  Enemy Action:
  Natural Enemy Spawn:
      1  2  3  4  5  6  7  8  9 10 11 12 13 14 15 16 17 18 19 20 21 22 23 24 25 26 27 28 29 30
    A _  _  _  S  _  _  _  _  _  _  _  _  _  _  _  _  _  _  _  _  _  _  _  _  _  _  _  _  _  _
    B _  _  _  _  _  _  _  _  _  _  _  _  _  _  _  _  _  _  _  _  _  _  _  _  _  _  _  _  _  _
    C _  _  *  _  _  _  _  _  _  _  _  _  _  _  _  _  _  _  _  _  _  _  _  _  _  _  _  _  _  _
    D _  _  _  _  _  _  _  _  _  _  _  _  _  _  _  _  _  _  _  _  _  _  _  _  _  _  _  _  _  _
    E _  _  *  _  _  _  _  _  _  _  _  _  _  _  _  _  _  _  _  _  _  _  _  _  _  _  _  _  _  _
    F _  _  _  _  _  _  _  _  _  _  _  _  _  _  _  _  _  _  _  _  _  _  _  _  _  _  _  _  _  _
    G _  _  *  _  _  _  _  _  _  _  _  _  _  _  _  _  _  _  _  _  _  _  _  _  _  _  _  _  _  _
    H _  _  _  _  _  _  _  _  _  _  _  _  _  _  _  _  _  _  _  _  _  _  _  _  _  _  _  _  _  _
    I _  _  _  _  _  _  _  _  _  _  _  _  _  _  _  _  _  _  _  _  _  _  _  _  _  _  _  _  _  _
->move(H,4)
  state:not started, debug, ok
  Starfighter:
    [0,S]->health:0/110, energy:20/120, Regen:3/4, Armour:7, Vision:12, Move:8, Move Cost:7, location:[H,4]
      Projectile Pattern:Spread, Projectile Damage:50, Projectile Cost:10 (energy)
      Power:Orbital Strike (100 energy): Deal 100 damage to all enemies, affected by armour.
      score:0
  Enemy:
  Projectile:
  Friendly Projectile Action:
    A friendly projectile(id:-1) moves: [C,3] -> [B,4]
    A friendly projectile(id:-2) moves: [E,3] -> [E,4]
    A friendly projectile(id:-3) moves: [G,3] -> [H,4]
  Enemy Projectile Action:
  Starfighter Action:
    The Starfighter(id:0) moves: [A,4] -> [H,4]
      The Starfighter collides with friendly projectile(id:-1) at location [B,4], taking 43 damage.
      The Starfighter collides with friendly projectile(id:-2) at location [E,4], taking 43 damage.
      The Starfighter collides with friendly projectile(id:-3) at location [H,4], taking 43 damage.
      The Starfighter at location [H,4] has been destroyed.
  Enemy Action:
  Natural Enemy Spawn:
      1  2  3  4  5  6  7  8  9 10 11 12 13 14 15 16 17 18 19 20 21 22 23 24 25 26 27 28 29 30
    A _  _  _  _  _  _  _  _  _  _  _  _  _  _  _  _  _  _  _  _  _  _  _  _  _  _  _  _  _  _
    B _  _  _  _  _  _  _  _  _  _  _  _  _  _  _  _  _  _  _  _  _  _  _  _  _  _  _  _  _  _
    C _  _  _  _  _  _  _  _  _  _  _  _  _  _  _  _  _  _  _  _  _  _  _  _  _  _  _  _  _  _
    D _  _  _  _  _  _  _  _  _  _  _  _  _  _  _  _  _  _  _  _  _  _  _  _  _  _  _  _  _  _
    E _  _  _  _  _  _  _  _  _  _  _  _  _  _  _  _  _  _  _  _  _  _  _  _  _  _  _  _  _  _
    F _  _  _  _  _  _  _  _  _  _  _  _  _  _  _  _  _  _  _  _  _  _  _  _  _  _  _  _  _  _
    G _  _  _  _  _  _  _  _  _  _  _  _  _  _  _  _  _  _  _  _  _  _  _  _  _  _  _  _  _  _
    H _  _  _  X  _  _  _  _  _  _  _  _  _  _  _  _  _  _  _  _  _  _  _  _  _  _  _  _  _  _
    I _  _  _  _  _  _  _  _  _  _  _  _  _  _  _  _  _  _  _  _  _  _  _  _  _  _  _  _  _  _
  The game is over. Better luck next time!
->play(9,30,21,41,61,81,101)
  state:weapon setup, debug, ok
  1:Standard (A single projectile is fired in front)
    Health:10, Energy:10, Regen:0/1, Armour:0, Vision:1, Move:1, Move Cost:1,
    Projectile Damage:70, Projectile Cost:5 (energy)
  2:Spread (Three projectiles are fired in front, two going diagonal)
    Health:0, Energy:60, Regen:0/2, Armour:1, Vision:0, Move:0, Move Cost:2,
    Projectile Damage:50, Projectile Cost:10 (energy)
  3:Snipe (Fast and high damage projectile, but only travels via teleporting)
    Health:0, Energy:100, Regen:0/5, Armour:0, Vision:10, Move:3, Move Cost:0,
    Projectile Damage:1000, Projectile Cost:20 (energy)
  4:Rocket (Two projectiles appear behind to the sides of the Starfighter and accelerates)
    Health:10, Energy:0, Regen:10/0, Armour:2, Vision:2, Move:0, Move Cost:3,
    Projectile Damage:100, Projectile Cost:10 (health)
  5:Splitter (A single mine projectile is placed in front of the Starfighter)
    Health:0, Energy:100, Regen:0/10, Armour:0, Vision:0, Move:0, Move Cost:5,
    Projectile Damage:150, Projectile Cost:70 (energy)
  Weapon Selected:Spread
->setup_next(5)
  state:in game(0.0), debug, ok
  Starfighter:
    [0,S]->health:110/110, energy:120/120, Regen:3/4, Armour:7, Vision:12, Move:8, Move Cost:7, location:[E,1]
      Projectile Pattern:Spread, Projectile Damage:50, Projectile Cost:10 (energy)
      Power:Orbital Strike (100 energy): Deal 100 damage to all enemies, affected by armour.
      score:0
  Enemy:
  Projectile:
  Friendly Projectile Action:
  Enemy Projectile Action:
  Starfighter Action:
  Enemy Action:
  Natural Enemy Spawn:
      1  2  3  4  5  6  7  8  9 10 11 12 13 14 15 16 17 18 19 20 21 22 23 24 25 26 27 28 29 30
    A _  _  _  _  _  _  _  _  _  _  _  _  _  _  _  _  _  _  _  _  _  _  _  _  _  _  _  _  _  _
    B _  _  _  _  _  _  _  _  _  _  _  _  _  _  _  _  _  _  _  _  _  _  _  _  _  _  _  _  _  _
    C _  _  _  _  _  _  _  _  _  _  _  _  _  _  _  _  _  _  _  _  _  _  _  _  _  _  _  _  _  _
    D _  _  _  _  _  _  _  _  _  _  _  _  _  _  _  _  _  _  _  _  _  _  _  _  _  _  _  _  _  _
    E S  _  _  _  _  _  _  _  _  _  _  _  _  _  _  _  _  _  _  _  _  _  _  _  _  _  _  _  _  _
    F _  _  _  _  _  _  _  _  _  _  _  _  _  _  _  _  _  _  _  _  _  _  _  _  _  _  _  _  _  _
    G _  _  _  _  _  _  _  _  _  _  _  _  _  _  _  _  _  _  _  _  _  _  _  _  _  _  _  _  _  _
    H _  _  _  _  _  _  _  _  _  _  _  _  _  _  _  _  _  _  _  _  _  _  _  _  _  _  _  _  _  _
    I _  _  _  _  _  _  _  _  _  _  _  _  _  _  _  _  _  _  _  _  _  _  _  _  _  _  _  _  _  _
->fire
  state:in game(1.0), debug, ok
  Starfighter:
    [0,S]->health:110/110, energy:110/120, Regen:3/4, Armour:7, Vision:12, Move:8, Move Cost:7, location:[E,1]
      Projectile Pattern:Spread, Projectile Damage:50, Projectile Cost:10 (energy)
      Power:Orbital Strike (100 energy): Deal 100 damage to all enemies, affected by armour.
      score:0
  Enemy:
    [1,G]->health:100/100, Regen:1, Armour:1, Vision:5, seen_by_Starfighter:F, can_see_Starfighter:F, location:[I,30]
  Projectile:
    [-1,*]->damage:50, move:1, location:[D,2]
    [-2,*]->damage:50, move:1, location:[E,2]
    [-3,*]->damage:50, move:1, location:[F,2]
  Friendly Projectile Action:
  Enemy Projectile Action:
  Starfighter Action:
    The Starfighter(id:0) fires at location [E,1].
      A friendly projectile(id:-1) spawns at location [D,2].
      A friendly projectile(id:-2) spawns at location [E,2].
      A friendly projectile(id:-3) spawns at location [F,2].
  Enemy Action:
  Natural Enemy Spawn:
    A Grunt(id:1) spawns at location [I,30].
      1  2  3  4  5  6  7  8  9 10 11 12 13 14 15 16 17 18 19 20 21 22 23 24 25 26 27 28 29 30
    A _  _  _  _  _  _  _  _  _  _  _  _  _  _  _  _  _  _  _  _  _  _  _  _  _  _  _  _  _  _
    B _  _  _  _  _  _  _  _  _  _  _  _  _  _  _  _  _  _  _  _  _  _  _  _  _  _  _  _  _  _
    C _  _  _  _  _  _  _  _  _  _  _  _  _  _  _  _  _  _  _  _  _  _  _  _  _  _  _  _  _  _
    D _  *  _  _  _  _  _  _  _  _  _  _  _  _  _  _  _  _  _  _  _  _  _  _  _  _  _  _  _  _
    E S  *  _  _  _  _  _  _  _  _  _  _  _  _  _  _  _  _  _  _  _  _  _  _  _  _  _  _  _  _
    F _  *  _  _  _  _  _  _  _  _  _  _  _  _  _  _  _  _  _  _  _  _  _  _  _  _  _  _  _  _
    G _  _  _  _  _  _  _  _  _  _  _  _  _  _  _  _  _  _  _  _  _  _  _  _  _  _  _  _  _  _
    H _  _  _  _  _  _  _  _  _  _  _  _  _  _  _  _  _  _  _  _  _  _  _  _  _  _  _  _  _  _
    I _  _  _  _  _  _  _  _  _  _  _  _  _  _  _  _  _  _  _  _  _  _  _  _  _  _  _  _  _  G
->move(D,13)
  state:in game(1.1), debug, error
  Out of movement range.
->move(D,27)
  state:in game(1.2), debug, error
  Out of movement range.
->move(C,27)
  state:in game(1.3), debug, error
  Out of movement range.
->pass
  state:in game(2.0), debug, ok
  Starfighter:
    [0,S]->health:110/110, energy:118/120, Regen:3/4, Armour:7, Vision:12, Move:8, Move Cost:7, location:[E,1]
      Projectile Pattern:Spread, Projectile Damage:50, Projectile Cost:10 (energy)
      Power:Orbital Strike (100 energy): Deal 100 damage to all enemies, affected by armour.
      score:0
  Enemy:
    [1,G]->health:110/110, Regen:1, Armour:1, Vision:5, seen_by_Starfighter:F, can_see_Starfighter:F, location:[I,28]
    [2,P]->health:300/300, Regen:0, Armour:0, Vision:5, seen_by_Starfighter:F, can_see_Starfighter:F, location:[G,30]
  Projectile:
    [-1,*]->damage:50, move:1, location:[C,3]
    [-2,*]->damage:50, move:1, location:[E,3]
    [-3,*]->damage:50, move:1, location:[G,3]
    [-4,<]->damage:15, move:4, location:[I,27]
  Friendly Projectile Action:
    A friendly projectile(id:-1) moves: [D,2] -> [C,3]
    A friendly projectile(id:-2) moves: [E,2] -> [E,3]
    A friendly projectile(id:-3) moves: [F,2] -> [G,3]
  Enemy Projectile Action:
  Starfighter Action:
    The Starfighter(id:0) passes at location [E,1], doubling regen rate.
  Enemy Action:
    A Grunt(id:1) gains 10 total health.
    A Grunt(id:1) moves: [I,30] -> [I,28]
      A enemy projectile(id:-4) spawns at location [I,27].
  Natural Enemy Spawn:
    A Pylon(id:2) spawns at location [G,30].
      1  2  3  4  5  6  7  8  9 10 11 12 13 14 15 16 17 18 19 20 21 22 23 24 25 26 27 28 29 30
    A _  _  _  _  _  _  _  _  _  _  _  _  _  _  _  _  _  _  _  _  _  _  _  _  _  _  _  _  _  _
    B _  _  _  _  _  _  _  _  _  _  _  _  _  _  _  _  _  _  _  _  _  _  _  _  _  _  _  _  _  _
    C _  _  *  _  _  _  _  _  _  _  _  _  _  _  _  _  _  _  _  _  _  _  _  _  _  _  _  _  _  _
    D _  _  _  _  _  _  _  _  _  _  _  _  _  _  _  _  _  _  _  _  _  _  _  _  _  _  _  _  _  _
    E S  _  *  _  _  _  _  _  _  _  _  _  _  _  _  _  _  _  _  _  _  _  _  _  _  _  _  _  _  _
    F _  _  _  _  _  _  _  _  _  _  _  _  _  _  _  _  _  _  _  _  _  _  _  _  _  _  _  _  _  _
    G _  _  *  _  _  _  _  _  _  _  _  _  _  _  _  _  _  _  _  _  _  _  _  _  _  _  _  _  _  P
    H _  _  _  _  _  _  _  _  _  _  _  _  _  _  _  _  _  _  _  _  _  _  _  _  _  _  _  _  _  _
    I _  _  _  _  _  _  _  _  _  _  _  _  _  _  _  _  _  _  _  _  _  _  _  _  _  _  <  G  _  _
->abort
  state:not started, debug, ok
  Exited from game.
