  state:not started, normal, ok
  Welcome to Space Defender Version 2.
->play(5,10,1,1,1,70,101)
  state:weapon setup, normal, ok
  1:Standard (A single projectile is fired in front)
    Health:10, Energy:10, Regen:0/1, Armour:0, Vision:1, Move:1, Move Cost:1,
    Projectile Damage:70, Projectile Cost:5 (energy)
  2:Spread (Three projectiles are fired in front, two going diagonal)
    Health:0, Energy:60, Regen:0/2, Armour:1, Vision:0, Move:0, Move Cost:2,
    Projectile Damage:50, Projectile Cost:10 (energy)
  3:Snipe (Fast and high damage projectile, but only travels via teleporting)
    Health:0, Energy:100, Regen:0/5, Armour:0, Vision:10, Move:3, Move Cost:0,
    Projectile Damage:1000, Projectile Cost:20 (energy)
  4:Rocket (Two projectiles appear behind to the sides of the Starfighter and accelerates)
    Health:10, Energy:0, Regen:10/0, Armour:2, Vision:2, Move:0, Move Cost:3,
    Projectile Damage:100, Projectile Cost:10 (health)
  5:Splitter (A single mine projectile is placed in front of the Starfighter)
    Health:0, Energy:100, Regen:0/10, Armour:0, Vision:0, Move:0, Move Cost:5,
    Projectile Damage:150, Projectile Cost:70 (energy)
  Weapon Selected:Standard
->toggle_debug_mode
  state:weapon setup, debug, ok
  In debug mode.
->setup_select(4)
  state:weapon setup, debug, ok
  1:Standard (A single projectile is fired in front)
    Health:10, Energy:10, Regen:0/1, Armour:0, Vision:1, Move:1, Move Cost:1,
    Projectile Damage:70, Projectile Cost:5 (energy)
  2:Spread (Three projectiles are fired in front, two going diagonal)
    Health:0, Energy:60, Regen:0/2, Armour:1, Vision:0, Move:0, Move Cost:2,
    Projectile Damage:50, Projectile Cost:10 (energy)
  3:Snipe (Fast and high damage projectile, but only travels via teleporting)
    Health:0, Energy:100, Regen:0/5, Armour:0, Vision:10, Move:3, Move Cost:0,
    Projectile Damage:1000, Projectile Cost:20 (energy)
  4:Rocket (Two projectiles appear behind to the sides of the Starfighter and accelerates)
    Health:10, Energy:0, Regen:10/0, Armour:2, Vision:2, Move:0, Move Cost:3,
    Projectile Damage:100, Projectile Cost:10 (health)
  5:Splitter (A single mine projectile is placed in front of the Starfighter)
    Health:0, Energy:100, Regen:0/10, Armour:0, Vision:0, Move:0, Move Cost:5,
    Projectile Damage:150, Projectile Cost:70 (energy)
  Weapon Selected:Rocket
->setup_next(1)
  state:armour setup, debug, ok
  1:None
    Health:50, Energy:0, Regen:1/0, Armour:0, Vision:0, Move:1, Move Cost:0
  2:Light
    Health:75, Energy:0, Regen:2/0, Armour:3, Vision:0, Move:0, Move Cost:1
  3:Medium
    Health:100, Energy:0, Regen:3/0, Armour:5, Vision:0, Move:0, Move Cost:3
  4:Heavy
    Health:200, Energy:0, Regen:4/0, Armour:10, Vision:0, Move:-1, Move Cost:5
  Armour Selected:None
->setup_select(2)
  state:armour setup, debug, ok
  1:None
    Health:50, Energy:0, Regen:1/0, Armour:0, Vision:0, Move:1, Move Cost:0
  2:Light
    Health:75, Energy:0, Regen:2/0, Armour:3, Vision:0, Move:0, Move Cost:1
  3:Medium
    Health:100, Energy:0, Regen:3/0, Armour:5, Vision:0, Move:0, Move Cost:3
  4:Heavy
    Health:200, Energy:0, Regen:4/0, Armour:10, Vision:0, Move:-1, Move Cost:5
  Armour Selected:Light
->setup_next(1)
  state:engine setup, debug, ok
  1:Standard
    Health:10, Energy:60, Regen:0/2, Armour:1, Vision:12, Move:8, Move Cost:2
  2:Light
    Health:0, Energy:30, Regen:0/1, Armour:0, Vision:15, Move:10, Move Cost:1
  3:Armoured
    Health:50, Energy:100, Regen:0/3, Armour:3, Vision:6, Move:4, Move Cost:5
  Engine Selected:Standard
->setup_select(1)
  state:engine setup, debug, ok
  1:Standard
    Health:10, Energy:60, Regen:0/2, Armour:1, Vision:12, Move:8, Move Cost:2
  2:Light
    Health:0, Energy:30, Regen:0/1, Armour:0, Vision:15, Move:10, Move Cost:1
  3:Armoured
    Health:50, Energy:100, Regen:0/3, Armour:3, Vision:6, Move:4, Move Cost:5
  Engine Selected:Standard
->setup_next(1)
  state:power setup, debug, ok
  1:Recall (50 energy): Teleport back to spawn.
  2:Repair (50 energy): Gain 50 health, can go over max health. Health regen will not be in effect if over cap.
  3:Overcharge (up to 50 health): Gain 2*health spent energy, can go over max energy. Energy regen will not be in effect if over cap.
  4:Deploy Drones (100 energy): Clear all projectiles.
  5:Orbital Strike (100 energy): Deal 100 damage to all enemies, affected by armour.
  Power Selected:Recall (50 energy): Teleport back to spawn.
->setup_select(5)
  state:power setup, debug, ok
  1:Recall (50 energy): Teleport back to spawn.
  2:Repair (50 energy): Gain 50 health, can go over max health. Health regen will not be in effect if over cap.
  3:Overcharge (up to 50 health): Gain 2*health spent energy, can go over max energy. Energy regen will not be in effect if over cap.
  4:Deploy Drones (100 energy): Clear all projectiles.
  5:Orbital Strike (100 energy): Deal 100 damage to all enemies, affected by armour.
  Power Selected:Orbital Strike (100 energy): Deal 100 damage to all enemies, affected by armour.
->setup_next(5)
  state:in game(0.0), debug, ok
  Starfighter:
    [0,S]->health:95/95, energy:60/60, Regen:12/2, Armour:6, Vision:14, Move:8, Move Cost:6, location:[C,1]
      Projectile Pattern:Rocket, Projectile Damage:100, Projectile Cost:10 (health)
      Power:Orbital Strike (100 energy): Deal 100 damage to all enemies, affected by armour.
      score:0
  Enemy:
  Projectile:
  Friendly Projectile Action:
  Enemy Projectile Action:
  Starfighter Action:
  Enemy Action:
  Natural Enemy Spawn:
      1  2  3  4  5  6  7  8  9 10
    A _  _  _  _  _  _  _  _  _  _
    B _  _  _  _  _  _  _  _  _  _
    C S  _  _  _  _  _  _  _  _  _
    D _  _  _  _  _  _  _  _  _  _
    E _  _  _  _  _  _  _  _  _  _
->move(A,2)
  state:in game(1.0), debug, ok
  Starfighter:
    [0,S]->health:95/95, energy:42/60, Regen:12/2, Armour:6, Vision:14, Move:8, Move Cost:6, location:[A,2]
      Projectile Pattern:Rocket, Projectile Damage:100, Projectile Cost:10 (health)
      Power:Orbital Strike (100 energy): Deal 100 damage to all enemies, affected by armour.
      score:0
  Enemy:
    [1,I]->health:50/50, Regen:0, Armour:0, Vision:5, seen_by_Starfighter:T, can_see_Starfighter:F, location:[A,10]
  Projectile:
  Friendly Projectile Action:
  Enemy Projectile Action:
  Starfighter Action:
    The Starfighter(id:0) moves: [C,1] -> [A,2]
  Enemy Action:
  Natural Enemy Spawn:
    A Interceptor(id:1) spawns at location [A,10].
      1  2  3  4  5  6  7  8  9 10
    A _  S  _  _  _  _  _  _  _  I
    B _  _  _  _  _  _  _  _  _  _
    C _  _  _  _  _  _  _  _  _  _
    D _  _  _  _  _  _  _  _  _  _
    E _  _  _  _  _  _  _  _  _  _
->fire
  state:in game(2.0), debug, ok
  Starfighter:
    [0,S]->health:85/95, energy:44/60, Regen:12/2, Armour:6, Vision:14, Move:8, Move Cost:6, location:[A,2]
      Projectile Pattern:Rocket, Projectile Damage:100, Projectile Cost:10 (health)
      Power:Orbital Strike (100 energy): Deal 100 damage to all enemies, affected by armour.
      score:0
  Enemy:
    [1,I]->health:50/50, Regen:0, Armour:0, Vision:5, seen_by_Starfighter:T, can_see_Starfighter:F, location:[A,10]
  Projectile:
    [-2,*]->damage:100, move:1, location:[B,1]
  Friendly Projectile Action:
  Enemy Projectile Action:
  Starfighter Action:
    The Starfighter(id:0) fires at location [A,2].
      A friendly projectile(id:-1) spawns at location out of board.
      A friendly projectile(id:-2) spawns at location [B,1].
  Enemy Action:
    A Interceptor(id:1) stays at: [A,10]
  Natural Enemy Spawn:
      1  2  3  4  5  6  7  8  9 10
    A _  S  _  _  _  _  _  _  _  I
    B *  _  _  _  _  _  _  _  _  _
    C _  _  _  _  _  _  _  _  _  _
    D _  _  _  _  _  _  _  _  _  _
    E _  _  _  _  _  _  _  _  _  _
->move(B,3)
  state:in game(3.0), debug, ok
  Starfighter:
    [0,S]->health:1/95, energy:34/60, Regen:12/2, Armour:6, Vision:14, Move:8, Move Cost:6, location:[B,3]
      Projectile Pattern:Rocket, Projectile Damage:100, Projectile Cost:10 (health)
      Power:Orbital Strike (100 energy): Deal 100 damage to all enemies, affected by armour.
      score:0
  Enemy:
    [1,I]->health:50/50, Regen:0, Armour:0, Vision:5, seen_by_Starfighter:T, can_see_Starfighter:T, location:[A,7]
    [2,I]->health:50/50, Regen:0, Armour:0, Vision:5, seen_by_Starfighter:T, can_see_Starfighter:F, location:[C,10]
  Projectile:
  Friendly Projectile Action:
    A friendly projectile(id:-2) moves: [B,1] -> [B,2]
  Enemy Projectile Action:
  Starfighter Action:
    The Starfighter(id:0) moves: [A,2] -> [B,3]
      The Starfighter collides with friendly projectile(id:-2) at location [B,2], taking 94 damage.
  Enemy Action:
    A Interceptor(id:1) moves: [A,10] -> [A,7]
  Natural Enemy Spawn:
    A Interceptor(id:2) spawns at location [C,10].
      1  2  3  4  5  6  7  8  9 10
    A _  _  _  _  _  _  I  _  _  _
    B _  _  S  _  _  _  _  _  _  _
    C _  _  _  _  _  _  _  _  _  I
    D _  _  _  _  _  _  _  _  _  _
    E _  _  _  _  _  _  _  _  _  _
->abort
  state:not started, debug, ok
  Exited from game.
->play(5,10,1,1,1,1,1)
  state:weapon setup, debug, ok
  1:Standard (A single projectile is fired in front)
    Health:10, Energy:10, Regen:0/1, Armour:0, Vision:1, Move:1, Move Cost:1,
    Projectile Damage:70, Projectile Cost:5 (energy)
  2:Spread (Three projectiles are fired in front, two going diagonal)
    Health:0, Energy:60, Regen:0/2, Armour:1, Vision:0, Move:0, Move Cost:2,
    Projectile Damage:50, Projectile Cost:10 (energy)
  3:Snipe (Fast and high damage projectile, but only travels via teleporting)
    Health:0, Energy:100, Regen:0/5, Armour:0, Vision:10, Move:3, Move Cost:0,
    Projectile Damage:1000, Projectile Cost:20 (energy)
  4:Rocket (Two projectiles appear behind to the sides of the Starfighter and accelerates)
    Health:10, Energy:0, Regen:10/0, Armour:2, Vision:2, Move:0, Move Cost:3,
    Projectile Damage:100, Projectile Cost:10 (health)
  5:Splitter (A single mine projectile is placed in front of the Starfighter)
    Health:0, Energy:100, Regen:0/10, Armour:0, Vision:0, Move:0, Move Cost:5,
    Projectile Damage:150, Projectile Cost:70 (energy)
  Weapon Selected:Rocket
->setup_next(5)
  state:in game(0.0), debug, ok
  Starfighter:
    [0,S]->health:95/95, energy:60/60, Regen:12/2, Armour:6, Vision:14, Move:8, Move Cost:6, location:[C,1]
      Projectile Pattern:Rocket, Projectile Damage:100, Projectile Cost:10 (health)
      Power:Orbital Strike (100 energy): Deal 100 damage to all enemies, affected by armour.
      score:0
  Enemy:
  Projectile:
  Friendly Projectile Action:
  Enemy Projectile Action:
  Starfighter Action:
  Enemy Action:
  Natural Enemy Spawn:
      1  2  3  4  5  6  7  8  9 10
    A _  _  _  _  _  _  _  _  _  _
    B _  _  _  _  _  _  _  _  _  _
    C S  _  _  _  _  _  _  _  _  _
    D _  _  _  _  _  _  _  _  _  _
    E _  _  _  _  _  _  _  _  _  _
->move(C,2)
  state:in game(1.0), debug, ok
  Starfighter:
    [0,S]->health:95/95, energy:54/60, Regen:12/2, Armour:6, Vision:14, Move:8, Move Cost:6, location:[C,2]
      Projectile Pattern:Rocket, Projectile Damage:100, Projectile Cost:10 (health)
      Power:Orbital Strike (100 energy): Deal 100 damage to all enemies, affected by armour.
      score:0
  Enemy:
  Projectile:
  Friendly Projectile Action:
  Enemy Projectile Action:
  Starfighter Action:
    The Starfighter(id:0) moves: [C,1] -> [C,2]
  Enemy Action:
  Natural Enemy Spawn:
      1  2  3  4  5  6  7  8  9 10
    A _  _  _  _  _  _  _  _  _  _
    B _  _  _  _  _  _  _  _  _  _
    C _  S  _  _  _  _  _  _  _  _
    D _  _  _  _  _  _  _  _  _  _
    E _  _  _  _  _  _  _  _  _  _
->fire
  state:in game(2.0), debug, ok
  Starfighter:
    [0,S]->health:85/95, energy:56/60, Regen:12/2, Armour:6, Vision:14, Move:8, Move Cost:6, location:[C,2]
      Projectile Pattern:Rocket, Projectile Damage:100, Projectile Cost:10 (health)
      Power:Orbital Strike (100 energy): Deal 100 damage to all enemies, affected by armour.
      score:0
  Enemy:
  Projectile:
    [-1,*]->damage:100, move:1, location:[B,1]
    [-2,*]->damage:100, move:1, location:[D,1]
  Friendly Projectile Action:
  Enemy Projectile Action:
  Starfighter Action:
    The Starfighter(id:0) fires at location [C,2].
      A friendly projectile(id:-1) spawns at location [B,1].
      A friendly projectile(id:-2) spawns at location [D,1].
  Enemy Action:
  Natural Enemy Spawn:
      1  2  3  4  5  6  7  8  9 10
    A _  _  _  _  _  _  _  _  _  _
    B *  _  _  _  _  _  _  _  _  _
    C _  S  _  _  _  _  _  _  _  _
    D *  _  _  _  _  _  _  _  _  _
    E _  _  _  _  _  _  _  _  _  _
->move(C,5)
  state:in game(3.0), debug, ok
  Starfighter:
    [0,S]->health:95/95, energy:40/60, Regen:12/2, Armour:6, Vision:14, Move:8, Move Cost:6, location:[C,5]
      Projectile Pattern:Rocket, Projectile Damage:100, Projectile Cost:10 (health)
      Power:Orbital Strike (100 energy): Deal 100 damage to all enemies, affected by armour.
      score:0
  Enemy:
  Projectile:
    [-1,*]->damage:100, move:2, location:[B,2]
    [-2,*]->damage:100, move:2, location:[D,2]
  Friendly Projectile Action:
    A friendly projectile(id:-1) moves: [B,1] -> [B,2]
    A friendly projectile(id:-2) moves: [D,1] -> [D,2]
  Enemy Projectile Action:
  Starfighter Action:
    The Starfighter(id:0) moves: [C,2] -> [C,5]
  Enemy Action:
  Natural Enemy Spawn:
      1  2  3  4  5  6  7  8  9 10
    A _  _  _  _  _  _  _  _  _  _
    B _  *  _  _  _  _  _  _  _  _
    C _  _  _  _  S  _  _  _  _  _
    D _  *  _  _  _  _  _  _  _  _
    E _  _  _  _  _  _  _  _  _  _
->move(D,5)
  state:in game(4.0), debug, ok
  Starfighter:
    [0,S]->health:95/95, energy:36/60, Regen:12/2, Armour:6, Vision:14, Move:8, Move Cost:6, location:[D,5]
      Projectile Pattern:Rocket, Projectile Damage:100, Projectile Cost:10 (health)
      Power:Orbital Strike (100 energy): Deal 100 damage to all enemies, affected by armour.
      score:0
  Enemy:
  Projectile:
    [-1,*]->damage:100, move:4, location:[B,4]
    [-2,*]->damage:100, move:4, location:[D,4]
  Friendly Projectile Action:
    A friendly projectile(id:-1) moves: [B,2] -> [B,4]
    A friendly projectile(id:-2) moves: [D,2] -> [D,4]
  Enemy Projectile Action:
  Starfighter Action:
    The Starfighter(id:0) moves: [C,5] -> [D,5]
  Enemy Action:
  Natural Enemy Spawn:
      1  2  3  4  5  6  7  8  9 10
    A _  _  _  _  _  _  _  _  _  _
    B _  _  _  *  _  _  _  _  _  _
    C _  _  _  _  _  _  _  _  _  _
    D _  _  _  *  S  _  _  _  _  _
    E _  _  _  _  _  _  _  _  _  _
->pass
  state:in game(5.0), debug, ok
  Starfighter:
    [0,S]->health:25/95, energy:40/60, Regen:12/2, Armour:6, Vision:14, Move:8, Move Cost:6, location:[D,5]
      Projectile Pattern:Rocket, Projectile Damage:100, Projectile Cost:10 (health)
      Power:Orbital Strike (100 energy): Deal 100 damage to all enemies, affected by armour.
      score:0
  Enemy:
  Projectile:
    [-1,*]->damage:100, move:8, location:[B,8]
  Friendly Projectile Action:
    A friendly projectile(id:-1) moves: [B,4] -> [B,8]
    A friendly projectile(id:-2) moves: [D,4] -> [D,5]
      The projectile collides with Starfighter(id:0) at location [D,5], dealing 94 damage.
  Enemy Projectile Action:
  Starfighter Action:
    The Starfighter(id:0) passes at location [D,5], doubling regen rate.
  Enemy Action:
  Natural Enemy Spawn:
      1  2  3  4  5  6  7  8  9 10
    A _  _  _  _  _  _  _  _  _  _
    B _  _  _  _  _  _  _  *  _  _
    C _  _  _  _  _  _  _  _  _  _
    D _  _  _  _  S  _  _  _  _  _
    E _  _  _  _  _  _  _  _  _  _
->play(5,10,1,1,1,1,1)
  state:in game(5.1), debug, error
  Already in a game. Please abort to start a new one.
->setup_next(5)
  state:in game(5.2), debug, error
  Command can only be used in setup mode.
->move(C,2)
  state:in game(6.0), debug, ok
  Starfighter:
    [0,S]->health:37/95, energy:18/60, Regen:12/2, Armour:6, Vision:14, Move:8, Move Cost:6, location:[C,2]
      Projectile Pattern:Rocket, Projectile Damage:100, Projectile Cost:10 (health)
      Power:Orbital Strike (100 energy): Deal 100 damage to all enemies, affected by armour.
      score:0
  Enemy:
  Projectile:
  Friendly Projectile Action:
    A friendly projectile(id:-1) moves: [B,8] -> out of board
  Enemy Projectile Action:
  Starfighter Action:
    The Starfighter(id:0) moves: [D,5] -> [C,2]
  Enemy Action:
  Natural Enemy Spawn:
      1  2  3  4  5  6  7  8  9 10
    A _  _  _  _  _  _  _  _  _  _
    B _  _  _  _  _  _  _  _  _  _
    C _  S  _  _  _  _  _  _  _  _
    D _  _  _  _  _  _  _  _  _  _
    E _  _  _  _  _  _  _  _  _  _
->fire
  state:in game(7.0), debug, ok
  Starfighter:
    [0,S]->health:39/95, energy:20/60, Regen:12/2, Armour:6, Vision:14, Move:8, Move Cost:6, location:[C,2]
      Projectile Pattern:Rocket, Projectile Damage:100, Projectile Cost:10 (health)
      Power:Orbital Strike (100 energy): Deal 100 damage to all enemies, affected by armour.
      score:0
  Enemy:
  Projectile:
    [-3,*]->damage:100, move:1, location:[B,1]
    [-4,*]->damage:100, move:1, location:[D,1]
  Friendly Projectile Action:
  Enemy Projectile Action:
  Starfighter Action:
    The Starfighter(id:0) fires at location [C,2].
      A friendly projectile(id:-3) spawns at location [B,1].
      A friendly projectile(id:-4) spawns at location [D,1].
  Enemy Action:
  Natural Enemy Spawn:
      1  2  3  4  5  6  7  8  9 10
    A _  _  _  _  _  _  _  _  _  _
    B *  _  _  _  _  _  _  _  _  _
    C _  S  _  _  _  _  _  _  _  _
    D *  _  _  _  _  _  _  _  _  _
    E _  _  _  _  _  _  _  _  _  _
->move(D,4)
  state:not started, debug, ok
  Starfighter:
    [0,S]->health:0/95, energy:16/60, Regen:12/2, Armour:6, Vision:14, Move:8, Move Cost:6, location:[D,2]
      Projectile Pattern:Rocket, Projectile Damage:100, Projectile Cost:10 (health)
      Power:Orbital Strike (100 energy): Deal 100 damage to all enemies, affected by armour.
      score:0
  Enemy:
  Projectile:
    [-3,*]->damage:100, move:2, location:[B,2]
  Friendly Projectile Action:
    A friendly projectile(id:-3) moves: [B,1] -> [B,2]
    A friendly projectile(id:-4) moves: [D,1] -> [D,2]
  Enemy Projectile Action:
  Starfighter Action:
    The Starfighter(id:0) moves: [C,2] -> [D,2]
      The Starfighter collides with friendly projectile(id:-4) at location [D,2], taking 94 damage.
      The Starfighter at location [D,2] has been destroyed.
  Enemy Action:
  Natural Enemy Spawn:
      1  2  3  4  5  6  7  8  9 10
    A _  _  _  _  _  _  _  _  _  _
    B _  *  _  _  _  _  _  _  _  _
    C _  _  _  _  _  _  _  _  _  _
    D _  X  _  _  _  _  _  _  _  _
    E _  _  _  _  _  _  _  _  _  _
  The game is over. Better luck next time!
->pass
  state:not started, debug, error
  Command can only be used in game.
->abort
  state:not started, debug, error
  Command can only be used in setup mode or in game.
