  state:not started, normal, ok
  Welcome to Space Defender Version 2.
->play(10,30,10,30,50,80,90)
  state:weapon setup, normal, ok
  1:Standard (A single projectile is fired in front)
    Health:10, Energy:10, Regen:0/1, Armour:0, Vision:1, Move:1, Move Cost:1,
    Projectile Damage:70, Projectile Cost:5 (energy)
  2:Spread (Three projectiles are fired in front, two going diagonal)
    Health:0, Energy:60, Regen:0/2, Armour:1, Vision:0, Move:0, Move Cost:2,
    Projectile Damage:50, Projectile Cost:10 (energy)
  3:Snipe (Fast and high damage projectile, but only travels via teleporting)
    Health:0, Energy:100, Regen:0/5, Armour:0, Vision:10, Move:3, Move Cost:0,
    Projectile Damage:1000, Projectile Cost:20 (energy)
  4:Rocket (Two projectiles appear behind to the sides of the Starfighter and accelerates)
    Health:10, Energy:0, Regen:10/0, Armour:2, Vision:2, Move:0, Move Cost:3,
    Projectile Damage:100, Projectile Cost:10 (health)
  5:Splitter (A single mine projectile is placed in front of the Starfighter)
    Health:0, Energy:100, Regen:0/10, Armour:0, Vision:0, Move:0, Move Cost:5,
    Projectile Damage:150, Projectile Cost:70 (energy)
  Weapon Selected:Standard
->setup_next(5)
  state:in game(0.0), normal, ok
  Starfighter:
    [0,S]->health:70/70, energy:70/70, Regen:1/3, Armour:1, Vision:13, Move:10, Move Cost:3, location:[E,1]
      Projectile Pattern:Standard, Projectile Damage:70, Projectile Cost:5 (energy)
      Power:Recall (50 energy): Teleport back to spawn.
      score:0
      1  2  3  4  5  6  7  8  9 10 11 12 13 14 15 16 17 18 19 20 21 22 23 24 25 26 27 28 29 30
    A _  _  _  _  _  _  _  _  _  _  ?  ?  ?  ?  ?  ?  ?  ?  ?  ?  ?  ?  ?  ?  ?  ?  ?  ?  ?  ?
    B _  _  _  _  _  _  _  _  _  _  _  ?  ?  ?  ?  ?  ?  ?  ?  ?  ?  ?  ?  ?  ?  ?  ?  ?  ?  ?
    C _  _  _  _  _  _  _  _  _  _  _  _  ?  ?  ?  ?  ?  ?  ?  ?  ?  ?  ?  ?  ?  ?  ?  ?  ?  ?
    D _  _  _  _  _  _  _  _  _  _  _  _  _  ?  ?  ?  ?  ?  ?  ?  ?  ?  ?  ?  ?  ?  ?  ?  ?  ?
    E S  _  _  _  _  _  _  _  _  _  _  _  _  _  ?  ?  ?  ?  ?  ?  ?  ?  ?  ?  ?  ?  ?  ?  ?  ?
    F _  _  _  _  _  _  _  _  _  _  _  _  _  ?  ?  ?  ?  ?  ?  ?  ?  ?  ?  ?  ?  ?  ?  ?  ?  ?
    G _  _  _  _  _  _  _  _  _  _  _  _  ?  ?  ?  ?  ?  ?  ?  ?  ?  ?  ?  ?  ?  ?  ?  ?  ?  ?
    H _  _  _  _  _  _  _  _  _  _  _  ?  ?  ?  ?  ?  ?  ?  ?  ?  ?  ?  ?  ?  ?  ?  ?  ?  ?  ?
    I _  _  _  _  _  _  _  _  _  _  ?  ?  ?  ?  ?  ?  ?  ?  ?  ?  ?  ?  ?  ?  ?  ?  ?  ?  ?  ?
    J _  _  _  _  _  _  _  _  _  ?  ?  ?  ?  ?  ?  ?  ?  ?  ?  ?  ?  ?  ?  ?  ?  ?  ?  ?  ?  ?
->toggle_debug_mode
  state:in game(0.1), debug, ok
  In debug mode.
->pass
  state:in game(1.0), debug, ok
  Starfighter:
    [0,S]->health:70/70, energy:70/70, Regen:1/3, Armour:1, Vision:13, Move:10, Move Cost:3, location:[E,1]
      Projectile Pattern:Standard, Projectile Damage:70, Projectile Cost:5 (energy)
      Power:Recall (50 energy): Teleport back to spawn.
      score:0
  Enemy:
    [1,G]->health:100/100, Regen:1, Armour:1, Vision:5, seen_by_Starfighter:F, can_see_Starfighter:F, location:[A,30]
  Projectile:
  Friendly Projectile Action:
  Enemy Projectile Action:
  Starfighter Action:
    The Starfighter(id:0) passes at location [E,1], doubling regen rate.
  Enemy Action:
  Natural Enemy Spawn:
    A Grunt(id:1) spawns at location [A,30].
      1  2  3  4  5  6  7  8  9 10 11 12 13 14 15 16 17 18 19 20 21 22 23 24 25 26 27 28 29 30
    A _  _  _  _  _  _  _  _  _  _  _  _  _  _  _  _  _  _  _  _  _  _  _  _  _  _  _  _  _  G
    B _  _  _  _  _  _  _  _  _  _  _  _  _  _  _  _  _  _  _  _  _  _  _  _  _  _  _  _  _  _
    C _  _  _  _  _  _  _  _  _  _  _  _  _  _  _  _  _  _  _  _  _  _  _  _  _  _  _  _  _  _
    D _  _  _  _  _  _  _  _  _  _  _  _  _  _  _  _  _  _  _  _  _  _  _  _  _  _  _  _  _  _
    E S  _  _  _  _  _  _  _  _  _  _  _  _  _  _  _  _  _  _  _  _  _  _  _  _  _  _  _  _  _
    F _  _  _  _  _  _  _  _  _  _  _  _  _  _  _  _  _  _  _  _  _  _  _  _  _  _  _  _  _  _
    G _  _  _  _  _  _  _  _  _  _  _  _  _  _  _  _  _  _  _  _  _  _  _  _  _  _  _  _  _  _
    H _  _  _  _  _  _  _  _  _  _  _  _  _  _  _  _  _  _  _  _  _  _  _  _  _  _  _  _  _  _
    I _  _  _  _  _  _  _  _  _  _  _  _  _  _  _  _  _  _  _  _  _  _  _  _  _  _  _  _  _  _
    J _  _  _  _  _  _  _  _  _  _  _  _  _  _  _  _  _  _  _  _  _  _  _  _  _  _  _  _  _  _
->pass
  state:in game(2.0), debug, ok
  Starfighter:
    [0,S]->health:70/70, energy:70/70, Regen:1/3, Armour:1, Vision:13, Move:10, Move Cost:3, location:[E,1]
      Projectile Pattern:Standard, Projectile Damage:70, Projectile Cost:5 (energy)
      Power:Recall (50 energy): Teleport back to spawn.
      score:0
  Enemy:
    [1,G]->health:110/110, Regen:1, Armour:1, Vision:5, seen_by_Starfighter:F, can_see_Starfighter:F, location:[A,28]
    [2,C]->health:200/200, Regen:10, Armour:15, Vision:15, seen_by_Starfighter:F, can_see_Starfighter:F, location:[A,30]
  Projectile:
    [-1,<]->damage:15, move:4, location:[A,27]
  Friendly Projectile Action:
  Enemy Projectile Action:
  Starfighter Action:
    The Starfighter(id:0) passes at location [E,1], doubling regen rate.
  Enemy Action:
    A Grunt(id:1) gains 10 total health.
    A Grunt(id:1) moves: [A,30] -> [A,28]
      A enemy projectile(id:-1) spawns at location [A,27].
  Natural Enemy Spawn:
    A Carrier(id:2) spawns at location [A,30].
      1  2  3  4  5  6  7  8  9 10 11 12 13 14 15 16 17 18 19 20 21 22 23 24 25 26 27 28 29 30
    A _  _  _  _  _  _  _  _  _  _  _  _  _  _  _  _  _  _  _  _  _  _  _  _  _  _  <  G  _  C
    B _  _  _  _  _  _  _  _  _  _  _  _  _  _  _  _  _  _  _  _  _  _  _  _  _  _  _  _  _  _
    C _  _  _  _  _  _  _  _  _  _  _  _  _  _  _  _  _  _  _  _  _  _  _  _  _  _  _  _  _  _
    D _  _  _  _  _  _  _  _  _  _  _  _  _  _  _  _  _  _  _  _  _  _  _  _  _  _  _  _  _  _
    E S  _  _  _  _  _  _  _  _  _  _  _  _  _  _  _  _  _  _  _  _  _  _  _  _  _  _  _  _  _
    F _  _  _  _  _  _  _  _  _  _  _  _  _  _  _  _  _  _  _  _  _  _  _  _  _  _  _  _  _  _
    G _  _  _  _  _  _  _  _  _  _  _  _  _  _  _  _  _  _  _  _  _  _  _  _  _  _  _  _  _  _
    H _  _  _  _  _  _  _  _  _  _  _  _  _  _  _  _  _  _  _  _  _  _  _  _  _  _  _  _  _  _
    I _  _  _  _  _  _  _  _  _  _  _  _  _  _  _  _  _  _  _  _  _  _  _  _  _  _  _  _  _  _
    J _  _  _  _  _  _  _  _  _  _  _  _  _  _  _  _  _  _  _  _  _  _  _  _  _  _  _  _  _  _
->move(A,1)
  state:in game(3.0), debug, ok
  Starfighter:
    [0,S]->health:70/70, energy:58/70, Regen:1/3, Armour:1, Vision:13, Move:10, Move Cost:3, location:[A,1]
      Projectile Pattern:Standard, Projectile Damage:70, Projectile Cost:5 (energy)
      Power:Recall (50 energy): Teleport back to spawn.
      score:0
  Enemy:
    [1,G]->health:110/110, Regen:1, Armour:1, Vision:5, seen_by_Starfighter:F, can_see_Starfighter:F, location:[A,26]
    [2,C]->health:200/200, Regen:10, Armour:15, Vision:15, seen_by_Starfighter:F, can_see_Starfighter:F, location:[A,28]
    [3,C]->health:200/200, Regen:10, Armour:15, Vision:15, seen_by_Starfighter:F, can_see_Starfighter:F, location:[H,30]
  Projectile:
    [-1,<]->damage:15, move:4, location:[A,23]
    [-2,<]->damage:15, move:4, location:[A,25]
  Friendly Projectile Action:
  Enemy Projectile Action:
    A enemy projectile(id:-1) moves: [A,27] -> [A,23]
  Starfighter Action:
    The Starfighter(id:0) moves: [E,1] -> [A,1]
  Enemy Action:
    A Grunt(id:1) moves: [A,28] -> [A,26]
      A enemy projectile(id:-2) spawns at location [A,25].
    A Carrier(id:2) moves: [A,30] -> [A,28]
  Natural Enemy Spawn:
    A Carrier(id:3) spawns at location [H,30].
      1  2  3  4  5  6  7  8  9 10 11 12 13 14 15 16 17 18 19 20 21 22 23 24 25 26 27 28 29 30
    A S  _  _  _  _  _  _  _  _  _  _  _  _  _  _  _  _  _  _  _  _  _  <  _  <  G  _  C  _  _
    B _  _  _  _  _  _  _  _  _  _  _  _  _  _  _  _  _  _  _  _  _  _  _  _  _  _  _  _  _  _
    C _  _  _  _  _  _  _  _  _  _  _  _  _  _  _  _  _  _  _  _  _  _  _  _  _  _  _  _  _  _
    D _  _  _  _  _  _  _  _  _  _  _  _  _  _  _  _  _  _  _  _  _  _  _  _  _  _  _  _  _  _
    E _  _  _  _  _  _  _  _  _  _  _  _  _  _  _  _  _  _  _  _  _  _  _  _  _  _  _  _  _  _
    F _  _  _  _  _  _  _  _  _  _  _  _  _  _  _  _  _  _  _  _  _  _  _  _  _  _  _  _  _  _
    G _  _  _  _  _  _  _  _  _  _  _  _  _  _  _  _  _  _  _  _  _  _  _  _  _  _  _  _  _  _
    H _  _  _  _  _  _  _  _  _  _  _  _  _  _  _  _  _  _  _  _  _  _  _  _  _  _  _  _  _  C
    I _  _  _  _  _  _  _  _  _  _  _  _  _  _  _  _  _  _  _  _  _  _  _  _  _  _  _  _  _  _
    J _  _  _  _  _  _  _  _  _  _  _  _  _  _  _  _  _  _  _  _  _  _  _  _  _  _  _  _  _  _
->pass
  state:in game(4.0), debug, ok
  Starfighter:
    [0,S]->health:70/70, energy:64/70, Regen:1/3, Armour:1, Vision:13, Move:10, Move Cost:3, location:[A,1]
      Projectile Pattern:Standard, Projectile Damage:70, Projectile Cost:5 (energy)
      Power:Recall (50 energy): Teleport back to spawn.
      score:0
  Enemy:
    [1,G]->health:120/120, Regen:1, Armour:1, Vision:5, seen_by_Starfighter:F, can_see_Starfighter:F, location:[A,24]
    [2,C]->health:200/200, Regen:10, Armour:15, Vision:15, seen_by_Starfighter:F, can_see_Starfighter:F, location:[A,27]
    [3,C]->health:200/200, Regen:10, Armour:15, Vision:15, seen_by_Starfighter:F, can_see_Starfighter:F, location:[H,28]
    [5,I]->health:50/50, Regen:0, Armour:0, Vision:5, seen_by_Starfighter:F, can_see_Starfighter:F, location:[B,27]
    [6,I]->health:50/50, Regen:0, Armour:0, Vision:5, seen_by_Starfighter:F, can_see_Starfighter:F, location:[G,28]
    [7,I]->health:50/50, Regen:0, Armour:0, Vision:5, seen_by_Starfighter:F, can_see_Starfighter:F, location:[I,28]
    [8,C]->health:200/200, Regen:10, Armour:15, Vision:15, seen_by_Starfighter:F, can_see_Starfighter:F, location:[G,30]
  Projectile:
    [-1,<]->damage:15, move:4, location:[A,19]
    [-2,<]->damage:15, move:4, location:[A,21]
    [-3,<]->damage:15, move:4, location:[A,23]
  Friendly Projectile Action:
  Enemy Projectile Action:
    A enemy projectile(id:-1) moves: [A,23] -> [A,19]
    A enemy projectile(id:-2) moves: [A,25] -> [A,21]
  Starfighter Action:
    The Starfighter(id:0) passes at location [A,1], doubling regen rate.
  Enemy Action:
    A Grunt(id:1) gains 10 total health.
    A Carrier(id:2) moves: [A,28] -> [A,27]
      A Interceptor(id:4) spawns at location out of board.
      A Interceptor(id:5) spawns at location [B,27].
    A Carrier(id:3) moves: [H,30] -> [H,28]
      A Interceptor(id:6) spawns at location [G,28].
      A Interceptor(id:7) spawns at location [I,28].
    A Grunt(id:1) moves: [A,26] -> [A,24]
      A enemy projectile(id:-3) spawns at location [A,23].
  Natural Enemy Spawn:
    A Carrier(id:8) spawns at location [G,30].
      1  2  3  4  5  6  7  8  9 10 11 12 13 14 15 16 17 18 19 20 21 22 23 24 25 26 27 28 29 30
    A S  _  _  _  _  _  _  _  _  _  _  _  _  _  _  _  _  _  <  _  <  _  <  G  _  _  C  _  _  _
    B _  _  _  _  _  _  _  _  _  _  _  _  _  _  _  _  _  _  _  _  _  _  _  _  _  _  I  _  _  _
    C _  _  _  _  _  _  _  _  _  _  _  _  _  _  _  _  _  _  _  _  _  _  _  _  _  _  _  _  _  _
    D _  _  _  _  _  _  _  _  _  _  _  _  _  _  _  _  _  _  _  _  _  _  _  _  _  _  _  _  _  _
    E _  _  _  _  _  _  _  _  _  _  _  _  _  _  _  _  _  _  _  _  _  _  _  _  _  _  _  _  _  _
    F _  _  _  _  _  _  _  _  _  _  _  _  _  _  _  _  _  _  _  _  _  _  _  _  _  _  _  _  _  _
    G _  _  _  _  _  _  _  _  _  _  _  _  _  _  _  _  _  _  _  _  _  _  _  _  _  _  _  I  _  C
    H _  _  _  _  _  _  _  _  _  _  _  _  _  _  _  _  _  _  _  _  _  _  _  _  _  _  _  C  _  _
    I _  _  _  _  _  _  _  _  _  _  _  _  _  _  _  _  _  _  _  _  _  _  _  _  _  _  _  I  _  _
    J _  _  _  _  _  _  _  _  _  _  _  _  _  _  _  _  _  _  _  _  _  _  _  _  _  _  _  _  _  _
->fire
  state:in game(5.0), debug, ok
  Starfighter:
    [0,S]->health:70/70, energy:62/70, Regen:1/3, Armour:1, Vision:13, Move:10, Move Cost:3, location:[A,1]
      Projectile Pattern:Standard, Projectile Damage:70, Projectile Cost:5 (energy)
      Power:Recall (50 energy): Teleport back to spawn.
      score:0
  Enemy:
    [1,G]->health:120/120, Regen:1, Armour:1, Vision:5, seen_by_Starfighter:F, can_see_Starfighter:F, location:[A,22]
    [2,C]->health:200/200, Regen:10, Armour:15, Vision:15, seen_by_Starfighter:F, can_see_Starfighter:F, location:[A,25]
    [3,C]->health:200/200, Regen:10, Armour:15, Vision:15, seen_by_Starfighter:F, can_see_Starfighter:F, location:[H,26]
    [5,I]->health:50/50, Regen:0, Armour:0, Vision:5, seen_by_Starfighter:F, can_see_Starfighter:F, location:[B,27]
    [6,I]->health:50/50, Regen:0, Armour:0, Vision:5, seen_by_Starfighter:F, can_see_Starfighter:F, location:[A,28]
    [7,I]->health:50/50, Regen:0, Armour:0, Vision:5, seen_by_Starfighter:F, can_see_Starfighter:F, location:[I,28]
    [8,C]->health:200/200, Regen:10, Armour:15, Vision:15, seen_by_Starfighter:F, can_see_Starfighter:F, location:[G,28]
    [9,I]->health:50/50, Regen:0, Armour:0, Vision:5, seen_by_Starfighter:F, can_see_Starfighter:F, location:[D,30]
  Projectile:
    [-1,<]->damage:15, move:4, location:[A,15]
    [-2,<]->damage:15, move:4, location:[A,17]
    [-3,<]->damage:15, move:4, location:[A,19]
    [-4,*]->damage:70, move:5, location:[A,2]
    [-5,<]->damage:15, move:4, location:[A,21]
  Friendly Projectile Action:
  Enemy Projectile Action:
    A enemy projectile(id:-1) moves: [A,19] -> [A,15]
    A enemy projectile(id:-2) moves: [A,21] -> [A,17]
    A enemy projectile(id:-3) moves: [A,23] -> [A,19]
  Starfighter Action:
    The Starfighter(id:0) fires at location [A,1].
      A friendly projectile(id:-4) spawns at location [A,2].
  Enemy Action:
    A Interceptor(id:5) stays at: [B,27]
    A Interceptor(id:6) moves: [G,28] -> [A,28]
    A Interceptor(id:7) stays at: [I,28]
    A Grunt(id:1) moves: [A,24] -> [A,22]
      A enemy projectile(id:-5) spawns at location [A,21].
    A Carrier(id:2) moves: [A,27] -> [A,25]
    A Carrier(id:3) moves: [H,28] -> [H,26]
    A Carrier(id:8) moves: [G,30] -> [G,28]
  Natural Enemy Spawn:
    A Interceptor(id:9) spawns at location [D,30].
      1  2  3  4  5  6  7  8  9 10 11 12 13 14 15 16 17 18 19 20 21 22 23 24 25 26 27 28 29 30
    A S  *  _  _  _  _  _  _  _  _  _  _  _  _  <  _  <  _  <  _  <  G  _  _  C  _  _  I  _  _
    B _  _  _  _  _  _  _  _  _  _  _  _  _  _  _  _  _  _  _  _  _  _  _  _  _  _  I  _  _  _
    C _  _  _  _  _  _  _  _  _  _  _  _  _  _  _  _  _  _  _  _  _  _  _  _  _  _  _  _  _  _
    D _  _  _  _  _  _  _  _  _  _  _  _  _  _  _  _  _  _  _  _  _  _  _  _  _  _  _  _  _  I
    E _  _  _  _  _  _  _  _  _  _  _  _  _  _  _  _  _  _  _  _  _  _  _  _  _  _  _  _  _  _
    F _  _  _  _  _  _  _  _  _  _  _  _  _  _  _  _  _  _  _  _  _  _  _  _  _  _  _  _  _  _
    G _  _  _  _  _  _  _  _  _  _  _  _  _  _  _  _  _  _  _  _  _  _  _  _  _  _  _  C  _  _
    H _  _  _  _  _  _  _  _  _  _  _  _  _  _  _  _  _  _  _  _  _  _  _  _  _  C  _  _  _  _
    I _  _  _  _  _  _  _  _  _  _  _  _  _  _  _  _  _  _  _  _  _  _  _  _  _  _  _  I  _  _
    J _  _  _  _  _  _  _  _  _  _  _  _  _  _  _  _  _  _  _  _  _  _  _  _  _  _  _  _  _  _
->fire
  state:in game(6.0), debug, ok
  Starfighter:
    [0,S]->health:70/70, energy:60/70, Regen:1/3, Armour:1, Vision:13, Move:10, Move Cost:3, location:[A,1]
      Projectile Pattern:Standard, Projectile Damage:70, Projectile Cost:5 (energy)
      Power:Recall (50 energy): Teleport back to spawn.
      score:0
  Enemy:
    [1,G]->health:120/120, Regen:1, Armour:1, Vision:5, seen_by_Starfighter:F, can_see_Starfighter:F, location:[A,20]
    [2,C]->health:200/200, Regen:10, Armour:15, Vision:15, seen_by_Starfighter:F, can_see_Starfighter:F, location:[A,23]
    [3,C]->health:200/200, Regen:10, Armour:15, Vision:15, seen_by_Starfighter:F, can_see_Starfighter:F, location:[H,24]
    [5,I]->health:50/50, Regen:0, Armour:0, Vision:5, seen_by_Starfighter:F, can_see_Starfighter:F, location:[A,27]
    [6,I]->health:50/50, Regen:0, Armour:0, Vision:5, seen_by_Starfighter:F, can_see_Starfighter:F, location:[A,28]
    [7,I]->health:50/50, Regen:0, Armour:0, Vision:5, seen_by_Starfighter:F, can_see_Starfighter:F, location:[H,28]
    [8,C]->health:200/200, Regen:10, Armour:15, Vision:15, seen_by_Starfighter:F, can_see_Starfighter:F, location:[G,26]
    [9,I]->health:50/50, Regen:0, Armour:0, Vision:5, seen_by_Starfighter:F, can_see_Starfighter:F, location:[A,30]
    [10,I]->health:50/50, Regen:0, Armour:0, Vision:5, seen_by_Starfighter:F, can_see_Starfighter:F, location:[F,30]
  Projectile:
    [-1,<]->damage:15, move:4, location:[A,11]
    [-2,<]->damage:15, move:4, location:[A,13]
    [-3,<]->damage:15, move:4, location:[A,15]
    [-4,*]->damage:70, move:5, location:[A,7]
    [-5,<]->damage:15, move:4, location:[A,17]
    [-6,*]->damage:70, move:5, location:[A,2]
    [-7,<]->damage:15, move:4, location:[A,19]
  Friendly Projectile Action:
    A friendly projectile(id:-4) moves: [A,2] -> [A,7]
  Enemy Projectile Action:
    A enemy projectile(id:-1) moves: [A,15] -> [A,11]
    A enemy projectile(id:-2) moves: [A,17] -> [A,13]
    A enemy projectile(id:-3) moves: [A,19] -> [A,15]
    A enemy projectile(id:-5) moves: [A,21] -> [A,17]
  Starfighter Action:
    The Starfighter(id:0) fires at location [A,1].
      A friendly projectile(id:-6) spawns at location [A,2].
  Enemy Action:
    A Interceptor(id:5) moves: [B,27] -> [A,27]
    A Interceptor(id:6) stays at: [A,28]
    A Interceptor(id:7) moves: [I,28] -> [H,28]
    A Interceptor(id:9) moves: [D,30] -> [A,30]
    A Grunt(id:1) moves: [A,22] -> [A,20]
      A enemy projectile(id:-7) spawns at location [A,19].
    A Carrier(id:2) moves: [A,25] -> [A,23]
    A Carrier(id:3) moves: [H,26] -> [H,24]
    A Carrier(id:8) moves: [G,28] -> [G,26]
  Natural Enemy Spawn:
    A Interceptor(id:10) spawns at location [F,30].
      1  2  3  4  5  6  7  8  9 10 11 12 13 14 15 16 17 18 19 20 21 22 23 24 25 26 27 28 29 30
    A S  *  _  _  _  _  *  _  _  _  <  _  <  _  <  _  <  _  <  G  _  _  C  _  _  _  I  I  _  I
    B _  _  _  _  _  _  _  _  _  _  _  _  _  _  _  _  _  _  _  _  _  _  _  _  _  _  _  _  _  _
    C _  _  _  _  _  _  _  _  _  _  _  _  _  _  _  _  _  _  _  _  _  _  _  _  _  _  _  _  _  _
    D _  _  _  _  _  _  _  _  _  _  _  _  _  _  _  _  _  _  _  _  _  _  _  _  _  _  _  _  _  _
    E _  _  _  _  _  _  _  _  _  _  _  _  _  _  _  _  _  _  _  _  _  _  _  _  _  _  _  _  _  _
    F _  _  _  _  _  _  _  _  _  _  _  _  _  _  _  _  _  _  _  _  _  _  _  _  _  _  _  _  _  I
    G _  _  _  _  _  _  _  _  _  _  _  _  _  _  _  _  _  _  _  _  _  _  _  _  _  C  _  _  _  _
    H _  _  _  _  _  _  _  _  _  _  _  _  _  _  _  _  _  _  _  _  _  _  _  C  _  _  _  I  _  _
    I _  _  _  _  _  _  _  _  _  _  _  _  _  _  _  _  _  _  _  _  _  _  _  _  _  _  _  _  _  _
    J _  _  _  _  _  _  _  _  _  _  _  _  _  _  _  _  _  _  _  _  _  _  _  _  _  _  _  _  _  _
->fire
  state:in game(7.0), debug, ok
  Starfighter:
    [0,S]->health:70/70, energy:58/70, Regen:1/3, Armour:1, Vision:13, Move:10, Move Cost:3, location:[A,1]
      Projectile Pattern:Standard, Projectile Damage:70, Projectile Cost:5 (energy)
      Power:Recall (50 energy): Teleport back to spawn.
      score:0
  Enemy:
    [1,G]->health:120/120, Regen:1, Armour:1, Vision:5, seen_by_Starfighter:F, can_see_Starfighter:F, location:[A,18]
    [2,C]->health:200/200, Regen:10, Armour:15, Vision:15, seen_by_Starfighter:F, can_see_Starfighter:F, location:[A,21]
    [3,C]->health:200/200, Regen:10, Armour:15, Vision:15, seen_by_Starfighter:F, can_see_Starfighter:F, location:[H,22]
    [5,I]->health:50/50, Regen:0, Armour:0, Vision:5, seen_by_Starfighter:F, can_see_Starfighter:F, location:[A,27]
    [6,I]->health:50/50, Regen:0, Armour:0, Vision:5, seen_by_Starfighter:F, can_see_Starfighter:F, location:[A,28]
    [7,I]->health:50/50, Regen:0, Armour:0, Vision:5, seen_by_Starfighter:F, can_see_Starfighter:F, location:[B,28]
    [8,C]->health:200/200, Regen:10, Armour:15, Vision:15, seen_by_Starfighter:F, can_see_Starfighter:F, location:[G,24]
    [9,I]->health:50/50, Regen:0, Armour:0, Vision:5, seen_by_Starfighter:F, can_see_Starfighter:F, location:[A,30]
    [10,I]->health:50/50, Regen:0, Armour:0, Vision:5, seen_by_Starfighter:F, can_see_Starfighter:F, location:[B,30]
  Projectile:
    [-4,*]->damage:25, move:5, location:[A,12]
    [-5,<]->damage:15, move:4, location:[A,13]
    [-6,*]->damage:70, move:5, location:[A,7]
    [-7,<]->damage:15, move:4, location:[A,15]
    [-8,*]->damage:70, move:5, location:[A,2]
    [-9,<]->damage:15, move:4, location:[A,17]
  Friendly Projectile Action:
    A friendly projectile(id:-4) moves: [A,7] -> [A,12]
      The projectile collides with enemy projectile(id:-1) at location [A,11], negating damage.
    A friendly projectile(id:-6) moves: [A,2] -> [A,7]
  Enemy Projectile Action:
    A enemy projectile(id:-2) moves: [A,13] -> [A,12]
      The projectile collides with friendly projectile(id:-4) at location [A,12], negating damage.
    A enemy projectile(id:-3) moves: [A,15] -> [A,12]
      The projectile collides with friendly projectile(id:-4) at location [A,12], negating damage.
    A enemy projectile(id:-5) moves: [A,17] -> [A,13]
    A enemy projectile(id:-7) moves: [A,19] -> [A,15]
  Starfighter Action:
    The Starfighter(id:0) fires at location [A,1].
      A friendly projectile(id:-8) spawns at location [A,2].
  Enemy Action:
    A Interceptor(id:5) stays at: [A,27]
    A Interceptor(id:6) stays at: [A,28]
    A Interceptor(id:7) moves: [H,28] -> [B,28]
    A Interceptor(id:9) stays at: [A,30]
    A Interceptor(id:10) moves: [F,30] -> [B,30]
    A Grunt(id:1) moves: [A,20] -> [A,18]
      A enemy projectile(id:-9) spawns at location [A,17].
    A Carrier(id:2) moves: [A,23] -> [A,21]
    A Carrier(id:3) moves: [H,24] -> [H,22]
    A Carrier(id:8) moves: [G,26] -> [G,24]
  Natural Enemy Spawn:
      1  2  3  4  5  6  7  8  9 10 11 12 13 14 15 16 17 18 19 20 21 22 23 24 25 26 27 28 29 30
    A S  *  _  _  _  _  *  _  _  _  _  *  <  _  <  _  <  G  _  _  C  _  _  _  _  _  I  I  _  I
    B _  _  _  _  _  _  _  _  _  _  _  _  _  _  _  _  _  _  _  _  _  _  _  _  _  _  _  I  _  I
    C _  _  _  _  _  _  _  _  _  _  _  _  _  _  _  _  _  _  _  _  _  _  _  _  _  _  _  _  _  _
    D _  _  _  _  _  _  _  _  _  _  _  _  _  _  _  _  _  _  _  _  _  _  _  _  _  _  _  _  _  _
    E _  _  _  _  _  _  _  _  _  _  _  _  _  _  _  _  _  _  _  _  _  _  _  _  _  _  _  _  _  _
    F _  _  _  _  _  _  _  _  _  _  _  _  _  _  _  _  _  _  _  _  _  _  _  _  _  _  _  _  _  _
    G _  _  _  _  _  _  _  _  _  _  _  _  _  _  _  _  _  _  _  _  _  _  _  C  _  _  _  _  _  _
    H _  _  _  _  _  _  _  _  _  _  _  _  _  _  _  _  _  _  _  _  _  C  _  _  _  _  _  _  _  _
    I _  _  _  _  _  _  _  _  _  _  _  _  _  _  _  _  _  _  _  _  _  _  _  _  _  _  _  _  _  _
    J _  _  _  _  _  _  _  _  _  _  _  _  _  _  _  _  _  _  _  _  _  _  _  _  _  _  _  _  _  _
->fire
  state:in game(8.0), debug, ok
  Starfighter:
    [0,S]->health:70/70, energy:56/70, Regen:1/3, Armour:1, Vision:13, Move:10, Move Cost:3, location:[A,1]
      Projectile Pattern:Standard, Projectile Damage:70, Projectile Cost:5 (energy)
      Power:Recall (50 energy): Teleport back to spawn.
      score:0
  Enemy:
    [1,G]->health:120/120, Regen:1, Armour:1, Vision:5, seen_by_Starfighter:F, can_see_Starfighter:F, location:[A,16]
    [2,C]->health:200/200, Regen:10, Armour:15, Vision:15, seen_by_Starfighter:F, can_see_Starfighter:F, location:[A,19]
    [3,C]->health:200/200, Regen:10, Armour:15, Vision:15, seen_by_Starfighter:F, can_see_Starfighter:F, location:[H,20]
    [5,I]->health:50/50, Regen:0, Armour:0, Vision:5, seen_by_Starfighter:F, can_see_Starfighter:F, location:[A,27]
    [6,I]->health:50/50, Regen:0, Armour:0, Vision:5, seen_by_Starfighter:F, can_see_Starfighter:F, location:[A,28]
    [7,I]->health:50/50, Regen:0, Armour:0, Vision:5, seen_by_Starfighter:F, can_see_Starfighter:F, location:[B,28]
    [8,C]->health:200/200, Regen:10, Armour:15, Vision:15, seen_by_Starfighter:F, can_see_Starfighter:F, location:[G,22]
    [9,I]->health:50/50, Regen:0, Armour:0, Vision:5, seen_by_Starfighter:F, can_see_Starfighter:F, location:[A,30]
    [10,I]->health:50/50, Regen:0, Armour:0, Vision:5, seen_by_Starfighter:F, can_see_Starfighter:F, location:[B,30]
    [11,F]->health:150/150, Regen:5, Armour:10, Vision:10, seen_by_Starfighter:F, can_see_Starfighter:F, location:[E,30]
  Projectile:
    [-6,*]->damage:65, move:5, location:[A,12]
    [-8,*]->damage:70, move:5, location:[A,7]
    [-9,<]->damage:15, move:4, location:[A,13]
    [-10,*]->damage:70, move:5, location:[A,2]
    [-11,<]->damage:15, move:4, location:[A,15]
  Friendly Projectile Action:
    A friendly projectile(id:-4) moves: [A,12] -> [A,15]
      The projectile collides with enemy projectile(id:-5) at location [A,13], negating damage.
      The projectile collides with enemy projectile(id:-7) at location [A,15], negating damage.
    A friendly projectile(id:-6) moves: [A,7] -> [A,12]
    A friendly projectile(id:-8) moves: [A,2] -> [A,7]
  Enemy Projectile Action:
    A enemy projectile(id:-7) moves: [A,15] -> [A,12]
      The projectile collides with friendly projectile(id:-6) at location [A,12], negating damage.
    A enemy projectile(id:-9) moves: [A,17] -> [A,13]
  Starfighter Action:
    The Starfighter(id:0) fires at location [A,1].
      A friendly projectile(id:-10) spawns at location [A,2].
  Enemy Action:
    A Interceptor(id:5) stays at: [A,27]
    A Interceptor(id:6) stays at: [A,28]
    A Interceptor(id:7) stays at: [B,28]
    A Interceptor(id:9) stays at: [A,30]
    A Interceptor(id:10) stays at: [B,30]
    A Grunt(id:1) moves: [A,18] -> [A,16]
      A enemy projectile(id:-11) spawns at location [A,15].
    A Carrier(id:2) moves: [A,21] -> [A,19]
    A Carrier(id:3) moves: [H,22] -> [H,20]
    A Carrier(id:8) moves: [G,24] -> [G,22]
  Natural Enemy Spawn:
    A Fighter(id:11) spawns at location [E,30].
      1  2  3  4  5  6  7  8  9 10 11 12 13 14 15 16 17 18 19 20 21 22 23 24 25 26 27 28 29 30
    A S  *  _  _  _  _  *  _  _  _  _  *  <  _  <  G  _  _  C  _  _  _  _  _  _  _  I  I  _  I
    B _  _  _  _  _  _  _  _  _  _  _  _  _  _  _  _  _  _  _  _  _  _  _  _  _  _  _  I  _  I
    C _  _  _  _  _  _  _  _  _  _  _  _  _  _  _  _  _  _  _  _  _  _  _  _  _  _  _  _  _  _
    D _  _  _  _  _  _  _  _  _  _  _  _  _  _  _  _  _  _  _  _  _  _  _  _  _  _  _  _  _  _
    E _  _  _  _  _  _  _  _  _  _  _  _  _  _  _  _  _  _  _  _  _  _  _  _  _  _  _  _  _  F
    F _  _  _  _  _  _  _  _  _  _  _  _  _  _  _  _  _  _  _  _  _  _  _  _  _  _  _  _  _  _
    G _  _  _  _  _  _  _  _  _  _  _  _  _  _  _  _  _  _  _  _  _  C  _  _  _  _  _  _  _  _
    H _  _  _  _  _  _  _  _  _  _  _  _  _  _  _  _  _  _  _  C  _  _  _  _  _  _  _  _  _  _
    I _  _  _  _  _  _  _  _  _  _  _  _  _  _  _  _  _  _  _  _  _  _  _  _  _  _  _  _  _  _
    J _  _  _  _  _  _  _  _  _  _  _  _  _  _  _  _  _  _  _  _  _  _  _  _  _  _  _  _  _  _
->fire
  state:in game(9.0), debug, ok
  Starfighter:
    [0,S]->health:70/70, energy:54/70, Regen:1/3, Armour:1, Vision:13, Move:10, Move Cost:3, location:[A,1]
      Projectile Pattern:Standard, Projectile Damage:70, Projectile Cost:5 (energy)
      Power:Recall (50 energy): Teleport back to spawn.
      score:0
  Enemy:
    [1,G]->health:87/120, Regen:1, Armour:1, Vision:5, seen_by_Starfighter:T, can_see_Starfighter:F, location:[A,14]
    [2,C]->health:200/200, Regen:10, Armour:15, Vision:15, seen_by_Starfighter:F, can_see_Starfighter:F, location:[A,17]
    [3,C]->health:200/200, Regen:10, Armour:15, Vision:15, seen_by_Starfighter:F, can_see_Starfighter:F, location:[H,18]
    [5,I]->health:50/50, Regen:0, Armour:0, Vision:5, seen_by_Starfighter:F, can_see_Starfighter:F, location:[A,27]
    [6,I]->health:50/50, Regen:0, Armour:0, Vision:5, seen_by_Starfighter:F, can_see_Starfighter:F, location:[A,28]
    [7,I]->health:50/50, Regen:0, Armour:0, Vision:5, seen_by_Starfighter:F, can_see_Starfighter:F, location:[B,28]
    [8,C]->health:200/200, Regen:10, Armour:15, Vision:15, seen_by_Starfighter:F, can_see_Starfighter:F, location:[G,20]
    [9,I]->health:50/50, Regen:0, Armour:0, Vision:5, seen_by_Starfighter:F, can_see_Starfighter:F, location:[A,30]
    [10,I]->health:50/50, Regen:0, Armour:0, Vision:5, seen_by_Starfighter:F, can_see_Starfighter:F, location:[B,30]
    [11,F]->health:150/150, Regen:5, Armour:11, Vision:10, seen_by_Starfighter:F, can_see_Starfighter:F, location:[E,27]
    [12,F]->health:150/150, Regen:5, Armour:10, Vision:10, seen_by_Starfighter:F, can_see_Starfighter:F, location:[C,30]
  Projectile:
    [-8,*]->damage:70, move:5, location:[A,12]
    [-10,*]->damage:70, move:5, location:[A,7]
    [-12,*]->damage:70, move:5, location:[A,2]
    [-13,<]->damage:15, move:4, location:[A,13]
    [-14,<]->damage:20, move:3, location:[E,26]
  Friendly Projectile Action:
    A friendly projectile(id:-6) moves: [A,12] -> [A,16]
      The projectile collides with enemy projectile(id:-9) at location [A,13], negating damage.
      The projectile collides with enemy projectile(id:-11) at location [A,15], negating damage.
      The projectile collides with Grunt(id:1) at location [A,16], dealing 34 damage.
    A friendly projectile(id:-8) moves: [A,7] -> [A,12]
    A friendly projectile(id:-10) moves: [A,2] -> [A,7]
  Enemy Projectile Action:
  Starfighter Action:
    The Starfighter(id:0) fires at location [A,1].
      A friendly projectile(id:-12) spawns at location [A,2].
  Enemy Action:
    A Interceptor(id:5) stays at: [A,27]
    A Interceptor(id:6) stays at: [A,28]
    A Interceptor(id:7) stays at: [B,28]
    A Interceptor(id:9) stays at: [A,30]
    A Interceptor(id:10) stays at: [B,30]
    A Fighter(id:11) gains 1 armour.
    A Grunt(id:1) moves: [A,16] -> [A,14]
      A enemy projectile(id:-13) spawns at location [A,13].
    A Carrier(id:2) moves: [A,19] -> [A,17]
    A Carrier(id:3) moves: [H,20] -> [H,18]
    A Carrier(id:8) moves: [G,22] -> [G,20]
    A Fighter(id:11) moves: [E,30] -> [E,27]
      A enemy projectile(id:-14) spawns at location [E,26].
  Natural Enemy Spawn:
    A Fighter(id:12) spawns at location [C,30].
      1  2  3  4  5  6  7  8  9 10 11 12 13 14 15 16 17 18 19 20 21 22 23 24 25 26 27 28 29 30
    A S  *  _  _  _  _  *  _  _  _  _  *  <  G  _  _  C  _  _  _  _  _  _  _  _  _  I  I  _  I
    B _  _  _  _  _  _  _  _  _  _  _  _  _  _  _  _  _  _  _  _  _  _  _  _  _  _  _  I  _  I
    C _  _  _  _  _  _  _  _  _  _  _  _  _  _  _  _  _  _  _  _  _  _  _  _  _  _  _  _  _  F
    D _  _  _  _  _  _  _  _  _  _  _  _  _  _  _  _  _  _  _  _  _  _  _  _  _  _  _  _  _  _
    E _  _  _  _  _  _  _  _  _  _  _  _  _  _  _  _  _  _  _  _  _  _  _  _  _  <  F  _  _  _
    F _  _  _  _  _  _  _  _  _  _  _  _  _  _  _  _  _  _  _  _  _  _  _  _  _  _  _  _  _  _
    G _  _  _  _  _  _  _  _  _  _  _  _  _  _  _  _  _  _  _  C  _  _  _  _  _  _  _  _  _  _
    H _  _  _  _  _  _  _  _  _  _  _  _  _  _  _  _  _  C  _  _  _  _  _  _  _  _  _  _  _  _
    I _  _  _  _  _  _  _  _  _  _  _  _  _  _  _  _  _  _  _  _  _  _  _  _  _  _  _  _  _  _
    J _  _  _  _  _  _  _  _  _  _  _  _  _  _  _  _  _  _  _  _  _  _  _  _  _  _  _  _  _  _
->fire
  state:in game(10.0), debug, ok
  Starfighter:
    [0,S]->health:70/70, energy:52/70, Regen:1/3, Armour:1, Vision:13, Move:10, Move Cost:3, location:[A,1]
      Projectile Pattern:Standard, Projectile Damage:70, Projectile Cost:5 (energy)
      Power:Recall (50 energy): Teleport back to spawn.
      score:2
  Enemy:
    [2,C]->health:200/200, Regen:10, Armour:15, Vision:15, seen_by_Starfighter:F, can_see_Starfighter:T, location:[A,15]
    [3,C]->health:200/200, Regen:10, Armour:15, Vision:15, seen_by_Starfighter:F, can_see_Starfighter:F, location:[H,16]
    [5,I]->health:50/50, Regen:0, Armour:0, Vision:5, seen_by_Starfighter:F, can_see_Starfighter:F, location:[A,27]
    [6,I]->health:50/50, Regen:0, Armour:0, Vision:5, seen_by_Starfighter:F, can_see_Starfighter:F, location:[A,28]
    [7,I]->health:50/50, Regen:0, Armour:0, Vision:5, seen_by_Starfighter:F, can_see_Starfighter:F, location:[B,28]
    [8,C]->health:200/200, Regen:10, Armour:15, Vision:15, seen_by_Starfighter:F, can_see_Starfighter:F, location:[G,18]
    [9,I]->health:50/50, Regen:0, Armour:0, Vision:5, seen_by_Starfighter:F, can_see_Starfighter:F, location:[A,30]
    [10,I]->health:50/50, Regen:0, Armour:0, Vision:5, seen_by_Starfighter:F, can_see_Starfighter:F, location:[B,30]
    [11,F]->health:150/150, Regen:5, Armour:12, Vision:10, seen_by_Starfighter:F, can_see_Starfighter:F, location:[E,24]
    [12,F]->health:150/150, Regen:5, Armour:11, Vision:10, seen_by_Starfighter:F, can_see_Starfighter:F, location:[C,27]
    [13,P]->health:300/300, Regen:0, Armour:0, Vision:5, seen_by_Starfighter:F, can_see_Starfighter:F, location:[F,30]
  Projectile:
    [-12,*]->damage:70, move:5, location:[A,7]
    [-15,*]->damage:70, move:5, location:[A,2]
    [-16,<]->damage:40, move:3, location:[E,23]
    [-17,<]->damage:20, move:3, location:[C,26]
  Friendly Projectile Action:
    A friendly projectile(id:-8) moves: [A,12] -> [A,14]
      The projectile collides with enemy projectile(id:-13) at location [A,13], negating damage.
      The projectile collides with Grunt(id:1) at location [A,14], dealing 54 damage.
    A friendly projectile(id:-10) moves: [A,7] -> [A,12]
    A friendly projectile(id:-12) moves: [A,2] -> [A,7]
  Enemy Projectile Action:
    A enemy projectile(id:-14) moves: [E,26] -> [E,23]
  Starfighter Action:
    The Starfighter(id:0) fires at location [A,1].
      A friendly projectile(id:-15) spawns at location [A,2].
  Enemy Action:
    A Interceptor(id:5) stays at: [A,27]
    A Interceptor(id:6) stays at: [A,28]
    A Interceptor(id:7) stays at: [B,28]
    A Interceptor(id:9) stays at: [A,30]
    A Interceptor(id:10) stays at: [B,30]
    A Fighter(id:11) gains 1 armour.
    A Fighter(id:12) gains 1 armour.
    A Grunt(id:1) moves: [A,14] -> [A,12]
      The Grunt collides with friendly projectile(id:-10) at location [A,12], taking 69 damage.
      The Grunt at location [A,12] has been destroyed.
    A Carrier(id:2) moves: [A,17] -> [A,15]
    A Carrier(id:3) moves: [H,18] -> [H,16]
    A Carrier(id:8) moves: [G,20] -> [G,18]
    A Fighter(id:11) moves: [E,27] -> [E,24]
      A enemy projectile(id:-16) spawns at location [E,23].
      The projectile collides with enemy projectile(id:-14) at location [E,23], combining damage.
    A Fighter(id:12) moves: [C,30] -> [C,27]
      A enemy projectile(id:-17) spawns at location [C,26].
  Natural Enemy Spawn:
    A Pylon(id:13) spawns at location [F,30].
      1  2  3  4  5  6  7  8  9 10 11 12 13 14 15 16 17 18 19 20 21 22 23 24 25 26 27 28 29 30
    A S  *  _  _  _  _  *  _  _  _  _  _  _  _  C  _  _  _  _  _  _  _  _  _  _  _  I  I  _  I
    B _  _  _  _  _  _  _  _  _  _  _  _  _  _  _  _  _  _  _  _  _  _  _  _  _  _  _  I  _  I
    C _  _  _  _  _  _  _  _  _  _  _  _  _  _  _  _  _  _  _  _  _  _  _  _  _  <  F  _  _  _
    D _  _  _  _  _  _  _  _  _  _  _  _  _  _  _  _  _  _  _  _  _  _  _  _  _  _  _  _  _  _
    E _  _  _  _  _  _  _  _  _  _  _  _  _  _  _  _  _  _  _  _  _  _  <  F  _  _  _  _  _  _
    F _  _  _  _  _  _  _  _  _  _  _  _  _  _  _  _  _  _  _  _  _  _  _  _  _  _  _  _  _  P
    G _  _  _  _  _  _  _  _  _  _  _  _  _  _  _  _  _  C  _  _  _  _  _  _  _  _  _  _  _  _
    H _  _  _  _  _  _  _  _  _  _  _  _  _  _  _  C  _  _  _  _  _  _  _  _  _  _  _  _  _  _
    I _  _  _  _  _  _  _  _  _  _  _  _  _  _  _  _  _  _  _  _  _  _  _  _  _  _  _  _  _  _
    J _  _  _  _  _  _  _  _  _  _  _  _  _  _  _  _  _  _  _  _  _  _  _  _  _  _  _  _  _  _
